2024-11-01 17:17:54,917 - ForkPoolWorker-3 - INFO - Job 0 (AAIAAIAAI) finished with vina_score (norm): 0.969 (0.04)
2024-11-01 17:17:54,932 - ForkPoolWorker-6 - INFO - Job 69 (AAILAAIAA) finished with vina_score (norm): 0.303 (0.013)
2024-11-01 17:17:54,942 - ForkPoolWorker-10 - INFO - Job 161 (AALVAAVAA) finished with vina_score (norm): 1.003 (0.042)
2024-11-01 17:17:54,949 - ForkPoolWorker-8 - INFO - Job 138 (AALIAAAIA) finished with vina_score (norm): 1.04 (0.043)
2024-11-01 17:17:54,963 - ForkPoolWorker-7 - INFO - Job 92 (AALAALAAV) finished with vina_score (norm): 1.313 (0.055)
2024-11-01 17:17:55,004 - ForkPoolWorker-9 - INFO - Job 115 (AALAIALAA) finished with vina_score (norm): 0.798 (0.033)
2024-11-01 17:17:55,005 - ForkPoolWorker-4 - INFO - Job 23 (AAIAAVAVA) finished with vina_score (norm): -4.921 (-0.205)
2024-11-01 17:17:55,032 - ForkPoolWorker-5 - INFO - Job 46 (AAIAVAAAL) finished with vina_score (norm): -5.73 (-0.239)
2024-11-01 17:17:55,702 - ForkPoolWorker-10 - INFO - Job 162 (AAVAAIAAI) finished with vina_score (norm): 1.234 (0.051)
2024-11-01 17:17:55,726 - ForkPoolWorker-8 - INFO - Job 139 (AALIAAALA) finished with vina_score (norm): 0.548 (0.023)
2024-11-01 17:17:55,742 - ForkPoolWorker-7 - INFO - Job 93 (AALAALAIA) finished with vina_score (norm): 0.675 (0.028)
2024-11-01 17:17:55,751 - ForkPoolWorker-4 - INFO - Job 24 (AAIAAVIAA) finished with vina_score (norm): -4.622 (-0.193)
2024-11-01 17:17:55,756 - ForkPoolWorker-9 - INFO - Job 116 (AALAIAVAA) finished with vina_score (norm): -4.399 (-0.183)
2024-11-01 17:17:55,765 - ForkPoolWorker-3 - INFO - Job 1 (AAIAAIAAL) finished with vina_score (norm): 2.256 (0.094)
2024-11-01 17:17:55,777 - ForkPoolWorker-6 - INFO - Job 70 (AAILAALAA) finished with vina_score (norm): -0.61 (-0.025)
2024-11-01 17:17:55,783 - ForkPoolWorker-5 - INFO - Job 47 (AAIAVAAAV) finished with vina_score (norm): 1.94 (0.081)
2024-11-01 17:17:56,442 - ForkPoolWorker-10 - INFO - Job 163 (AAVAAIAAL) finished with vina_score (norm): 0.631 (0.026)
2024-11-01 17:17:56,492 - ForkPoolWorker-8 - INFO - Job 140 (AALIAAAVA) finished with vina_score (norm): 1.251 (0.052)
2024-11-01 17:17:56,498 - ForkPoolWorker-4 - INFO - Job 25 (AAIAAVLAA) finished with vina_score (norm): 0.23 (0.01)
2024-11-01 17:17:56,507 - ForkPoolWorker-7 - INFO - Job 94 (AALAALALA) finished with vina_score (norm): 1.013 (0.042)
2024-11-01 17:17:56,511 - ForkPoolWorker-9 - INFO - Job 117 (AALALAAAI) finished with vina_score (norm): 0.852 (0.036)
2024-11-01 17:17:56,583 - ForkPoolWorker-5 - INFO - Job 48 (AAIAVAAIA) finished with vina_score (norm): -5.833 (-0.243)
2024-11-01 17:17:56,607 - ForkPoolWorker-3 - INFO - Job 2 (AAIAAIAAV) finished with vina_score (norm): 0.891 (0.037)
2024-11-01 17:17:56,617 - ForkPoolWorker-6 - INFO - Job 71 (AAILAAVAA) finished with vina_score (norm): 0.618 (0.026)
2024-11-01 17:17:57,203 - ForkPoolWorker-10 - INFO - Job 164 (AAVAAIAAV) finished with vina_score (norm): 0.68 (0.028)
2024-11-01 17:17:57,257 - ForkPoolWorker-8 - INFO - Job 141 (AALIAAIAA) finished with vina_score (norm): -2.64 (-0.11)
2024-11-01 17:17:57,269 - ForkPoolWorker-7 - INFO - Job 95 (AALAALAVA) finished with vina_score (norm): 1.681 (0.07)
2024-11-01 17:17:57,284 - ForkPoolWorker-9 - INFO - Job 118 (AALALAAAL) finished with vina_score (norm): 0.802 (0.033)
2024-11-01 17:17:57,300 - ForkPoolWorker-4 - INFO - Job 26 (AAIAAVVAA) finished with vina_score (norm): -1.794 (-0.075)
2024-11-01 17:17:57,370 - ForkPoolWorker-5 - INFO - Job 49 (AAIAVAALA) finished with vina_score (norm): -4.479 (-0.187)
2024-11-01 17:17:57,432 - ForkPoolWorker-6 - INFO - Job 72 (AAIVAAAAI) finished with vina_score (norm): -3.031 (-0.126)
2024-11-01 17:17:57,445 - ForkPoolWorker-3 - INFO - Job 3 (AAIAAIAIA) finished with vina_score (norm): 0.535 (0.022)
2024-11-01 17:17:57,947 - ForkPoolWorker-10 - INFO - Job 165 (AAVAAIAIA) finished with vina_score (norm): 1.702 (0.071)
2024-11-01 17:17:58,012 - ForkPoolWorker-8 - INFO - Job 142 (AALIAALAA) finished with vina_score (norm): -3.609 (-0.15)
2024-11-01 17:17:58,033 - ForkPoolWorker-7 - INFO - Job 96 (AALAALIAA) finished with vina_score (norm): 1.319 (0.055)
2024-11-01 17:17:58,043 - ForkPoolWorker-9 - INFO - Job 119 (AALALAAAV) finished with vina_score (norm): 0.832 (0.035)
2024-11-01 17:17:58,126 - ForkPoolWorker-5 - INFO - Job 50 (AAIAVAAVA) finished with vina_score (norm): -4.193 (-0.175)
2024-11-01 17:17:58,141 - ForkPoolWorker-4 - INFO - Job 27 (AAIAIAAAI) finished with vina_score (norm): -3.192 (-0.133)
2024-11-01 17:17:58,251 - ForkPoolWorker-6 - INFO - Job 73 (AAIVAAAAL) finished with vina_score (norm): -4.93 (-0.205)
2024-11-01 17:17:58,282 - ForkPoolWorker-3 - INFO - Job 4 (AAIAAIALA) finished with vina_score (norm): -0.414 (-0.017)
2024-11-01 17:17:58,684 - ForkPoolWorker-10 - INFO - Job 166 (AAVAAIALA) finished with vina_score (norm): 0.017 (0.001)
2024-11-01 17:17:58,782 - ForkPoolWorker-8 - INFO - Job 143 (AALIAAVAA) finished with vina_score (norm): -2.958 (-0.123)
2024-11-01 17:17:58,792 - ForkPoolWorker-9 - INFO - Job 120 (AALALAAIA) finished with vina_score (norm): 1.743 (0.073)
2024-11-01 17:17:58,817 - ForkPoolWorker-7 - INFO - Job 97 (AALAALLAA) finished with vina_score (norm): 1.312 (0.055)
2024-11-01 17:17:58,876 - ForkPoolWorker-5 - INFO - Job 51 (AAIAVAIAA) finished with vina_score (norm): -3.367 (-0.14)
2024-11-01 17:17:58,964 - ForkPoolWorker-4 - INFO - Job 28 (AAIAIAAAL) finished with vina_score (norm): -6.131 (-0.255)
2024-11-01 17:17:59,073 - ForkPoolWorker-6 - INFO - Job 74 (AAIVAAAAV) finished with vina_score (norm): 0.116 (0.005)
2024-11-01 17:17:59,085 - ForkPoolWorker-3 - INFO - Job 5 (AAIAAIAVA) finished with vina_score (norm): 1.629 (0.068)
2024-11-01 17:17:59,438 - ForkPoolWorker-10 - INFO - Job 167 (AAVAAIAVA) finished with vina_score (norm): -2.261 (-0.094)
2024-11-01 17:17:59,555 - ForkPoolWorker-9 - INFO - Job 121 (AALALAALA) finished with vina_score (norm): 1.642 (0.068)
2024-11-01 17:17:59,569 - ForkPoolWorker-7 - INFO - Job 98 (AALAALVAA) finished with vina_score (norm): 1.224 (0.051)
2024-11-01 17:17:59,574 - ForkPoolWorker-8 - INFO - Job 144 (AALLAAAAI) finished with vina_score (norm): 6.37 (0.265)
2024-11-01 17:17:59,661 - ForkPoolWorker-5 - INFO - Job 52 (AAIAVALAA) finished with vina_score (norm): -5.547 (-0.231)
2024-11-01 17:17:59,828 - ForkPoolWorker-4 - INFO - Job 29 (AAIAIAAAV) finished with vina_score (norm): -3.067 (-0.128)
2024-11-01 17:17:59,912 - ForkPoolWorker-6 - INFO - Job 75 (AAIVAAAIA) finished with vina_score (norm): -3.977 (-0.166)
2024-11-01 17:17:59,953 - ForkPoolWorker-3 - INFO - Job 6 (AAIAAIIAA) finished with vina_score (norm): -2.541 (-0.106)
2024-11-01 17:18:00,199 - ForkPoolWorker-10 - INFO - Job 168 (AAVAAIIAA) finished with vina_score (norm): 0.871 (0.036)
2024-11-01 17:18:00,327 - ForkPoolWorker-8 - INFO - Job 145 (AALLAAAAL) finished with vina_score (norm): 1.332 (0.056)
2024-11-01 17:18:00,328 - ForkPoolWorker-9 - INFO - Job 122 (AALALAAVA) finished with vina_score (norm): 1.444 (0.06)
2024-11-01 17:18:00,335 - ForkPoolWorker-7 - INFO - Job 99 (AALAAVAAI) finished with vina_score (norm): 0.687 (0.029)
2024-11-01 17:18:00,461 - ForkPoolWorker-5 - INFO - Job 53 (AAIAVAVAA) finished with vina_score (norm): -7.506 (-0.313)
2024-11-01 17:18:00,667 - ForkPoolWorker-4 - INFO - Job 30 (AAIAIAAIA) finished with vina_score (norm): -5.891 (-0.245)
2024-11-01 17:18:00,738 - ForkPoolWorker-6 - INFO - Job 76 (AAIVAAALA) finished with vina_score (norm): 0.013 (0.001)
2024-11-01 17:18:00,836 - ForkPoolWorker-3 - INFO - Job 7 (AAIAAILAA) finished with vina_score (norm): 1.289 (0.054)
2024-11-01 17:18:00,956 - ForkPoolWorker-10 - INFO - Job 169 (AAVAAILAA) finished with vina_score (norm): 1.21 (0.05)
2024-11-01 17:18:01,080 - ForkPoolWorker-8 - INFO - Job 146 (AALLAAAAV) finished with vina_score (norm): 0.716 (0.03)
2024-11-01 17:18:01,086 - ForkPoolWorker-7 - INFO - Job 100 (AALAAVAAL) finished with vina_score (norm): 0.309 (0.013)
2024-11-01 17:18:01,128 - ForkPoolWorker-9 - INFO - Job 123 (AALALAIAA) finished with vina_score (norm): -5.477 (-0.228)
2024-11-01 17:18:01,270 - ForkPoolWorker-5 - INFO - Job 54 (AAIIAAAAI) finished with vina_score (norm): 0.785 (0.033)
2024-11-01 17:18:01,495 - ForkPoolWorker-4 - INFO - Job 31 (AAIAIAALA) finished with vina_score (norm): -3.741 (-0.156)
2024-11-01 17:18:01,599 - ForkPoolWorker-6 - INFO - Job 77 (AAIVAAAVA) finished with vina_score (norm): -4.47 (-0.186)
2024-11-01 17:18:01,674 - ForkPoolWorker-3 - INFO - Job 8 (AAIAAIVAA) finished with vina_score (norm): 1.018 (0.042)
2024-11-01 17:18:01,723 - ForkPoolWorker-10 - INFO - Job 170 (AAVAAIVAA) finished with vina_score (norm): -1.803 (-0.075)
2024-11-01 17:18:01,840 - ForkPoolWorker-8 - INFO - Job 147 (AALLAAAIA) finished with vina_score (norm): 0.965 (0.04)
2024-11-01 17:18:01,845 - ForkPoolWorker-7 - INFO - Job 101 (AALAAVAAV) finished with vina_score (norm): 0.482 (0.02)
2024-11-01 17:18:01,878 - ForkPoolWorker-9 - INFO - Job 124 (AALALALAA) finished with vina_score (norm): 0.106 (0.004)
2024-11-01 17:18:02,035 - ForkPoolWorker-5 - INFO - Job 55 (AAIIAAAAL) finished with vina_score (norm): 0.621 (0.026)
2024-11-01 17:18:02,364 - ForkPoolWorker-4 - INFO - Job 32 (AAIAIAAVA) finished with vina_score (norm): -3.663 (-0.153)
2024-11-01 17:18:02,486 - ForkPoolWorker-10 - INFO - Job 171 (AAVAALAAI) finished with vina_score (norm): -2.476 (-0.103)
2024-11-01 17:18:02,495 - ForkPoolWorker-6 - INFO - Job 78 (AAIVAAIAA) finished with vina_score (norm): -6.084 (-0.254)
2024-11-01 17:18:02,512 - ForkPoolWorker-3 - INFO - Job 9 (AAIAALAAI) finished with vina_score (norm): 0.629 (0.026)
2024-11-01 17:18:02,589 - ForkPoolWorker-8 - INFO - Job 148 (AALLAAALA) finished with vina_score (norm): 0.996 (0.041)
2024-11-01 17:18:02,602 - ForkPoolWorker-7 - INFO - Job 102 (AALAAVAIA) finished with vina_score (norm): 0.963 (0.04)
2024-11-01 17:18:02,628 - ForkPoolWorker-9 - INFO - Job 125 (AALALAVAA) finished with vina_score (norm): 0.485 (0.02)
2024-11-01 17:18:02,795 - ForkPoolWorker-5 - INFO - Job 56 (AAIIAAAAV) finished with vina_score (norm): -4.96 (-0.207)
2024-11-01 17:18:03,187 - ForkPoolWorker-4 - INFO - Job 33 (AAIAIAIAA) finished with vina_score (norm): -4.335 (-0.181)
2024-11-01 17:18:03,242 - ForkPoolWorker-10 - INFO - Job 172 (AAVAALAAL) finished with vina_score (norm): 2.086 (0.087)
2024-11-01 17:18:03,343 - ForkPoolWorker-6 - INFO - Job 79 (AAIVAALAA) finished with vina_score (norm): -3.977 (-0.166)
2024-11-01 17:18:03,357 - ForkPoolWorker-3 - INFO - Job 10 (AAIAALAAL) finished with vina_score (norm): 0.624 (0.026)
2024-11-01 17:18:03,363 - ForkPoolWorker-7 - INFO - Job 103 (AALAAVALA) finished with vina_score (norm): 0.268 (0.011)
2024-11-01 17:18:03,377 - ForkPoolWorker-8 - INFO - Job 149 (AALLAAAVA) finished with vina_score (norm): 1.014 (0.042)
2024-11-01 17:18:03,381 - ForkPoolWorker-9 - INFO - Job 126 (AALAVAAAI) finished with vina_score (norm): 0.08 (0.003)
2024-11-01 17:18:03,555 - ForkPoolWorker-5 - INFO - Job 57 (AAIIAAAIA) finished with vina_score (norm): 0.515 (0.021)
2024-11-01 17:18:04,031 - ForkPoolWorker-4 - INFO - Job 34 (AAIAIALAA) finished with vina_score (norm): -2.243 (-0.093)
2024-11-01 17:18:04,036 - ForkPoolWorker-10 - INFO - Job 173 (AAVAALAAV) finished with vina_score (norm): 1.094 (0.046)
2024-11-01 17:18:04,133 - ForkPoolWorker-7 - INFO - Job 104 (AALAAVAVA) finished with vina_score (norm): -2.072 (-0.086)
2024-11-01 17:18:04,143 - ForkPoolWorker-8 - INFO - Job 150 (AALLAAIAA) finished with vina_score (norm): 1.121 (0.047)
2024-11-01 17:18:04,160 - ForkPoolWorker-9 - INFO - Job 127 (AALAVAAAL) finished with vina_score (norm): 0.941 (0.039)
2024-11-01 17:18:04,188 - ForkPoolWorker-3 - INFO - Job 11 (AAIAALAAV) finished with vina_score (norm): -3.165 (-0.132)
2024-11-01 17:18:04,203 - ForkPoolWorker-6 - INFO - Job 80 (AAIVAAVAA) finished with vina_score (norm): -4.482 (-0.187)
2024-11-01 17:18:04,315 - ForkPoolWorker-5 - INFO - Job 58 (AAIIAAALA) finished with vina_score (norm): -3.01 (-0.125)
2024-11-01 17:18:04,808 - ForkPoolWorker-4 - INFO - Job 35 (AAIAIAVAA) finished with vina_score (norm): -2.4 (-0.1)
2024-11-01 17:18:04,866 - ForkPoolWorker-10 - INFO - Job 174 (AAVAALAIA) finished with vina_score (norm): 3.419 (0.142)
2024-11-01 17:18:04,915 - ForkPoolWorker-7 - INFO - Job 105 (AALAAVIAA) finished with vina_score (norm): 6.37 (0.265)
2024-11-01 17:18:04,922 - ForkPoolWorker-8 - INFO - Job 151 (AALLAALAA) finished with vina_score (norm): -5.499 (-0.229)
2024-11-01 17:18:04,934 - ForkPoolWorker-9 - INFO - Job 128 (AALAVAAAV) finished with vina_score (norm): -0.105 (-0.004)
2024-11-01 17:18:05,029 - ForkPoolWorker-3 - INFO - Job 12 (AAIAALAIA) finished with vina_score (norm): -6.14 (-0.256)
2024-11-01 17:18:05,067 - ForkPoolWorker-5 - INFO - Job 59 (AAIIAAAVA) finished with vina_score (norm): -3.533 (-0.147)
2024-11-01 17:18:05,092 - ForkPoolWorker-6 - INFO - Job 81 (AALAAIAAI) finished with vina_score (norm): 3.245 (0.135)
2024-11-01 17:18:05,564 - ForkPoolWorker-4 - INFO - Job 36 (AAIALAAAI) finished with vina_score (norm): 1.451 (0.06)
2024-11-01 17:18:05,671 - ForkPoolWorker-8 - INFO - Job 152 (AALLAAVAA) finished with vina_score (norm): 1.374 (0.057)
2024-11-01 17:18:05,674 - ForkPoolWorker-7 - INFO - Job 106 (AALAAVLAA) finished with vina_score (norm): 2.134 (0.089)
2024-11-01 17:18:05,676 - ForkPoolWorker-9 - INFO - Job 129 (AALAVAAIA) finished with vina_score (norm): 0.333 (0.014)
2024-11-01 17:18:05,684 - ForkPoolWorker-10 - INFO - Job 175 (AAVAALALA) finished with vina_score (norm): 2.097 (0.087)
2024-11-01 17:18:05,828 - ForkPoolWorker-5 - INFO - Job 60 (AAIIAAIAA) finished with vina_score (norm): -1.103 (-0.046)
2024-11-01 17:18:05,857 - ForkPoolWorker-3 - INFO - Job 13 (AAIAALALA) finished with vina_score (norm): 1.151 (0.048)
2024-11-01 17:18:05,934 - ForkPoolWorker-6 - INFO - Job 82 (AALAAIAAL) finished with vina_score (norm): 2.624 (0.109)
2024-11-01 17:18:06,333 - ForkPoolWorker-4 - INFO - Job 37 (AAIALAAAL) finished with vina_score (norm): 0.914 (0.038)
2024-11-01 17:18:06,441 - ForkPoolWorker-9 - INFO - Job 130 (AALAVAALA) finished with vina_score (norm): -2.926 (-0.122)
2024-11-01 17:18:06,462 - ForkPoolWorker-8 - INFO - Job 153 (AALVAAAAI) finished with vina_score (norm): 1.323 (0.055)
2024-11-01 17:18:06,467 - ForkPoolWorker-7 - INFO - Job 107 (AALAAVVAA) finished with vina_score (norm): 1.278 (0.053)
2024-11-01 17:18:06,518 - ForkPoolWorker-10 - INFO - Job 176 (AAVAALAVA) finished with vina_score (norm): 2.137 (0.089)
2024-11-01 17:18:06,592 - ForkPoolWorker-5 - INFO - Job 61 (AAIIAALAA) finished with vina_score (norm): 1.198 (0.05)
2024-11-01 17:18:06,748 - ForkPoolWorker-3 - INFO - Job 14 (AAIAALAVA) finished with vina_score (norm): 1.019 (0.042)
2024-11-01 17:18:06,823 - ForkPoolWorker-6 - INFO - Job 83 (AALAAIAAV) finished with vina_score (norm): 2.375 (0.099)
2024-11-01 17:18:07,150 - ForkPoolWorker-4 - INFO - Job 38 (AAIALAAAV) finished with vina_score (norm): 1.059 (0.044)
2024-11-01 17:18:07,391 - ForkPoolWorker-9 - INFO - Job 131 (AALAVAAVA) finished with vina_score (norm): 0.55 (0.023)
2024-11-01 17:18:07,416 - ForkPoolWorker-8 - INFO - Job 154 (AALVAAAAL) finished with vina_score (norm): 2.454 (0.102)
2024-11-01 17:18:07,422 - ForkPoolWorker-7 - INFO - Job 108 (AALAIAAAI) finished with vina_score (norm): 1.869 (0.078)
2024-11-01 17:18:07,531 - ForkPoolWorker-10 - INFO - Job 177 (AAVAALIAA) finished with vina_score (norm): 1.464 (0.061)
2024-11-01 17:18:07,587 - ForkPoolWorker-5 - INFO - Job 62 (AAIIAAVAA) finished with vina_score (norm): -6.852 (-0.286)
2024-11-01 17:18:07,648 - ForkPoolWorker-3 - INFO - Job 15 (AAIAALIAA) finished with vina_score (norm): -1.998 (-0.083)
2024-11-01 17:18:07,904 - ForkPoolWorker-6 - INFO - Job 84 (AALAAIAIA) finished with vina_score (norm): 0.453 (0.019)
2024-11-01 17:18:08,190 - ForkPoolWorker-4 - INFO - Job 39 (AAIALAAIA) finished with vina_score (norm): 0.784 (0.033)
2024-11-01 17:18:08,219 - ForkPoolWorker-8 - INFO - Job 155 (AALVAAAAV) finished with vina_score (norm): 0.386 (0.016)
2024-11-01 17:18:08,260 - ForkPoolWorker-7 - INFO - Job 109 (AALAIAAAL) finished with vina_score (norm): 1.527 (0.064)
2024-11-01 17:18:08,294 - ForkPoolWorker-9 - INFO - Job 132 (AALAVAIAA) finished with vina_score (norm): 0.705 (0.029)
2024-11-01 17:18:08,370 - ForkPoolWorker-10 - INFO - Job 178 (AAVAALLAA) finished with vina_score (norm): -3.774 (-0.157)
2024-11-01 17:18:08,395 - ForkPoolWorker-5 - INFO - Job 63 (AAILAAAAI) finished with vina_score (norm): 1.18 (0.049)
2024-11-01 17:18:08,414 - ForkPoolWorker-3 - INFO - Job 16 (AAIAALLAA) finished with vina_score (norm): -5.087 (-0.212)
2024-11-01 17:18:08,726 - ForkPoolWorker-6 - INFO - Job 85 (AALAAIALA) finished with vina_score (norm): 0.966 (0.04)
2024-11-01 17:18:08,968 - ForkPoolWorker-8 - INFO - Job 156 (AALVAAAIA) finished with vina_score (norm): 0.147 (0.006)
2024-11-01 17:18:08,973 - ForkPoolWorker-4 - INFO - Job 40 (AAIALAALA) finished with vina_score (norm): 0.711 (0.03)
2024-11-01 17:18:09,014 - ForkPoolWorker-7 - INFO - Job 110 (AALAIAAAV) finished with vina_score (norm): 1.048 (0.044)
2024-11-01 17:18:09,105 - ForkPoolWorker-9 - INFO - Job 133 (AALAVALAA) finished with vina_score (norm): -3.986 (-0.166)
2024-11-01 17:18:09,173 - ForkPoolWorker-5 - INFO - Job 64 (AAILAAAAL) finished with vina_score (norm): 1.451 (0.06)
2024-11-01 17:18:09,182 - ForkPoolWorker-3 - INFO - Job 17 (AAIAALVAA) finished with vina_score (norm): -1.957 (-0.082)
2024-11-01 17:18:09,205 - ForkPoolWorker-10 - INFO - Job 179 (AAVAALVAA) finished with vina_score (norm): 2.211 (0.092)
2024-11-01 17:18:09,551 - ForkPoolWorker-6 - INFO - Job 86 (AALAAIAVA) finished with vina_score (norm): 0.922 (0.038)
2024-11-01 17:18:09,752 - ForkPoolWorker-8 - INFO - Job 157 (AALVAAALA) finished with vina_score (norm): -0.888 (-0.037)
2024-11-01 17:18:09,778 - ForkPoolWorker-4 - INFO - Job 41 (AAIALAAVA) finished with vina_score (norm): 1.353 (0.056)
2024-11-01 17:18:09,835 - ForkPoolWorker-7 - INFO - Job 111 (AALAIAAIA) finished with vina_score (norm): -1.49 (-0.062)
2024-11-01 17:18:09,883 - ForkPoolWorker-9 - INFO - Job 134 (AALAVAVAA) finished with vina_score (norm): 1.62 (0.068)
2024-11-01 17:18:09,928 - ForkPoolWorker-5 - INFO - Job 65 (AAILAAAAV) finished with vina_score (norm): 1.438 (0.06)
2024-11-01 17:18:09,941 - ForkPoolWorker-3 - INFO - Job 18 (AAIAAVAAI) finished with vina_score (norm): -3.319 (-0.138)
2024-11-01 17:18:10,009 - ForkPoolWorker-10 - INFO - Job 180 (AAVAAVAAI) finished with vina_score (norm): 0.984 (0.041)
2024-11-01 17:18:10,374 - ForkPoolWorker-6 - INFO - Job 87 (AALAAIIAA) finished with vina_score (norm): 1.447 (0.06)
2024-11-01 17:18:10,506 - ForkPoolWorker-8 - INFO - Job 158 (AALVAAAVA) finished with vina_score (norm): 1.127 (0.047)
2024-11-01 17:18:10,518 - ForkPoolWorker-4 - INFO - Job 42 (AAIALAIAA) finished with vina_score (norm): 0.66 (0.028)
2024-11-01 17:18:10,593 - ForkPoolWorker-7 - INFO - Job 112 (AALAIAALA) finished with vina_score (norm): 0.428 (0.018)
2024-11-01 17:18:10,621 - ForkPoolWorker-9 - INFO - Job 135 (AALIAAAAI) finished with vina_score (norm): -1.557 (-0.065)
2024-11-01 17:18:10,700 - ForkPoolWorker-5 - INFO - Job 66 (AAILAAAIA) finished with vina_score (norm): 1.465 (0.061)
2024-11-01 17:18:10,708 - ForkPoolWorker-3 - INFO - Job 19 (AAIAAVAAL) finished with vina_score (norm): -4.448 (-0.185)
2024-11-01 17:18:10,837 - ForkPoolWorker-10 - INFO - Job 181 (AAVAAVAAL) finished with vina_score (norm): 1.051 (0.044)
2024-11-01 17:18:11,257 - ForkPoolWorker-6 - INFO - Job 88 (AALAAILAA) finished with vina_score (norm): 1.932 (0.081)
2024-11-01 17:18:11,273 - ForkPoolWorker-4 - INFO - Job 43 (AAIALALAA) finished with vina_score (norm): -4.926 (-0.205)
2024-11-01 17:18:11,364 - ForkPoolWorker-7 - INFO - Job 113 (AALAIAAVA) finished with vina_score (norm): 0.563 (0.023)
2024-11-01 17:18:11,374 - ForkPoolWorker-8 - INFO - Job 159 (AALVAAIAA) finished with vina_score (norm): -4.581 (-0.191)
2024-11-01 17:18:11,425 - ForkPoolWorker-9 - INFO - Job 136 (AALIAAAAL) finished with vina_score (norm): 3.74 (0.156)
2024-11-01 17:18:11,484 - ForkPoolWorker-3 - INFO - Job 20 (AAIAAVAAV) finished with vina_score (norm): 2.015 (0.084)
2024-11-01 17:18:11,512 - ForkPoolWorker-5 - INFO - Job 67 (AAILAAALA) finished with vina_score (norm): 1.44 (0.06)
2024-11-01 17:18:11,668 - ForkPoolWorker-10 - INFO - Job 182 (AAVAAVAAV) finished with vina_score (norm): 2.116 (0.088)
2024-11-01 17:18:12,035 - ForkPoolWorker-4 - INFO - Job 44 (AAIALAVAA) finished with vina_score (norm): 0.587 (0.024)
2024-11-01 17:18:12,121 - ForkPoolWorker-6 - INFO - Job 89 (AALAAIVAA) finished with vina_score (norm): 3.342 (0.139)
2024-11-01 17:18:12,133 - ForkPoolWorker-8 - INFO - Job 160 (AALVAALAA) finished with vina_score (norm): -2.557 (-0.107)
2024-11-01 17:18:12,140 - ForkPoolWorker-7 - INFO - Job 114 (AALAIAIAA) finished with vina_score (norm): 0.132 (0.005)
2024-11-01 17:18:12,170 - ForkPoolWorker-9 - INFO - Job 137 (AALIAAAAV) finished with vina_score (norm): 0.689 (0.029)
2024-11-01 17:18:12,246 - ForkPoolWorker-3 - INFO - Job 21 (AAIAAVAIA) finished with vina_score (norm): 0.409 (0.017)
2024-11-01 17:18:12,268 - ForkPoolWorker-5 - INFO - Job 68 (AAILAAAVA) finished with vina_score (norm): 1.498 (0.062)
2024-11-01 17:18:12,503 - ForkPoolWorker-10 - INFO - Job 183 (AAVAAVAIA) finished with vina_score (norm): 0.969 (0.04)
2024-11-01 17:18:12,886 - ForkPoolWorker-4 - INFO - Job 45 (AAIAVAAAI) finished with vina_score (norm): -3.346 (-0.139)
2024-11-01 17:18:12,959 - ForkPoolWorker-9 - INFO - Job 230 (AAVLAAAVA) finished with vina_score (norm): 1.457 (0.061)
2024-11-01 17:18:12,984 - ForkPoolWorker-6 - INFO - Job 90 (AALAALAAI) finished with vina_score (norm): 1.602 (0.067)
2024-11-01 17:18:12,988 - ForkPoolWorker-7 - INFO - Job 207 (AAVAVAAAI) finished with vina_score (norm): 1.407 (0.059)
2024-11-01 17:18:13,001 - ForkPoolWorker-8 - INFO - Job 184 (AAVAAVALA) finished with vina_score (norm): 1.268 (0.053)
2024-11-01 17:18:13,064 - ForkPoolWorker-5 - INFO - Job 253 (AIAAALAAL) finished with vina_score (norm): -1.964 (-0.082)
2024-11-01 17:18:13,076 - ForkPoolWorker-3 - INFO - Job 22 (AAIAAVALA) finished with vina_score (norm): 0.202 (0.008)
2024-11-01 17:18:13,360 - ForkPoolWorker-10 - INFO - Job 276 (AIAAIAIAA) finished with vina_score (norm): -2.326 (-0.097)
2024-11-01 17:18:13,720 - ForkPoolWorker-4 - INFO - Job 299 (AIAIAAAAV) finished with vina_score (norm): -2.325 (-0.097)
2024-11-01 17:18:13,730 - ForkPoolWorker-9 - INFO - Job 231 (AAVLAAIAA) finished with vina_score (norm): -0.464 (-0.019)
2024-11-01 17:18:13,755 - ForkPoolWorker-7 - INFO - Job 208 (AAVAVAAAL) finished with vina_score (norm): -1.13 (-0.047)
2024-11-01 17:18:13,760 - ForkPoolWorker-8 - INFO - Job 185 (AAVAAVAVA) finished with vina_score (norm): 0.692 (0.029)
2024-11-01 17:18:13,825 - ForkPoolWorker-3 - INFO - Job 322 (AIAVAALAA) finished with vina_score (norm): 0.553 (0.023)
2024-11-01 17:18:13,846 - ForkPoolWorker-5 - INFO - Job 254 (AIAAALAAV) finished with vina_score (norm): -0.478 (-0.02)
2024-11-01 17:18:13,865 - ForkPoolWorker-6 - INFO - Job 91 (AALAALAAL) finished with vina_score (norm): 1.226 (0.051)
2024-11-01 17:18:14,216 - ForkPoolWorker-10 - INFO - Job 277 (AIAAIALAA) finished with vina_score (norm): -5.626 (-0.234)
2024-11-01 17:18:14,491 - ForkPoolWorker-9 - INFO - Job 232 (AAVLAALAA) finished with vina_score (norm): -0.784 (-0.033)
2024-11-01 17:18:14,534 - ForkPoolWorker-8 - INFO - Job 186 (AAVAAVIAA) finished with vina_score (norm): 2.097 (0.087)
2024-11-01 17:18:14,535 - ForkPoolWorker-4 - INFO - Job 300 (AIAIAAAIA) finished with vina_score (norm): -5.551 (-0.231)
2024-11-01 17:18:14,541 - ForkPoolWorker-7 - INFO - Job 209 (AAVAVAAAV) finished with vina_score (norm): 0.956 (0.04)
2024-11-01 17:18:14,602 - ForkPoolWorker-5 - INFO - Job 255 (AIAAALAIA) finished with vina_score (norm): 1.581 (0.066)
2024-11-01 17:18:14,608 - ForkPoolWorker-3 - INFO - Job 323 (AIAVAAVAA) finished with vina_score (norm): -2.66 (-0.111)
2024-11-01 17:18:14,733 - ForkPoolWorker-6 - INFO - Job 345 (ALAAAVAIA) finished with vina_score (norm): -2.867 (-0.119)
2024-11-01 17:18:15,021 - ForkPoolWorker-10 - INFO - Job 278 (AIAAIAVAA) finished with vina_score (norm): -6.563 (-0.273)
2024-11-01 17:18:15,251 - ForkPoolWorker-9 - INFO - Job 233 (AAVLAAVAA) finished with vina_score (norm): -1.05 (-0.044)
2024-11-01 17:18:15,297 - ForkPoolWorker-7 - INFO - Job 210 (AAVAVAAIA) finished with vina_score (norm): -3.571 (-0.149)
2024-11-01 17:18:15,297 - ForkPoolWorker-8 - INFO - Job 187 (AAVAAVLAA) finished with vina_score (norm): -0.653 (-0.027)
2024-11-01 17:18:15,345 - ForkPoolWorker-5 - INFO - Job 256 (AIAAALALA) finished with vina_score (norm): 1.223 (0.051)
2024-11-01 17:18:15,350 - ForkPoolWorker-4 - INFO - Job 301 (AIAIAAALA) finished with vina_score (norm): -3.643 (-0.152)
2024-11-01 17:18:15,353 - ForkPoolWorker-3 - INFO - Job 324 (ALAAAIAAI) finished with vina_score (norm): 0.433 (0.018)
2024-11-01 17:18:15,562 - ForkPoolWorker-6 - INFO - Job 346 (ALAAAVALA) finished with vina_score (norm): -2.648 (-0.11)
2024-11-01 17:18:15,849 - ForkPoolWorker-10 - INFO - Job 279 (AIAALAAAI) finished with vina_score (norm): -4.285 (-0.179)
2024-11-01 17:18:16,025 - ForkPoolWorker-9 - INFO - Job 234 (AAVVAAAAI) finished with vina_score (norm): 2.112 (0.088)
2024-11-01 17:18:16,056 - ForkPoolWorker-7 - INFO - Job 211 (AAVAVAALA) finished with vina_score (norm): -4.501 (-0.188)
2024-11-01 17:18:16,113 - ForkPoolWorker-8 - INFO - Job 188 (AAVAAVVAA) finished with vina_score (norm): 1.685 (0.07)
2024-11-01 17:18:16,115 - ForkPoolWorker-5 - INFO - Job 257 (AIAAALAVA) finished with vina_score (norm): 1.628 (0.068)
2024-11-01 17:18:16,123 - ForkPoolWorker-3 - INFO - Job 325 (ALAAAIAAL) finished with vina_score (norm): 0.253 (0.011)
2024-11-01 17:18:16,173 - ForkPoolWorker-4 - INFO - Job 302 (AIAIAAAVA) finished with vina_score (norm): -4.405 (-0.184)
2024-11-01 17:18:16,413 - ForkPoolWorker-6 - INFO - Job 347 (ALAAAVAVA) finished with vina_score (norm): -2.662 (-0.111)
2024-11-01 17:18:16,618 - ForkPoolWorker-10 - INFO - Job 280 (AIAALAAAL) finished with vina_score (norm): 1.176 (0.049)
2024-11-01 17:18:16,807 - ForkPoolWorker-7 - INFO - Job 212 (AAVAVAAVA) finished with vina_score (norm): -3.549 (-0.148)
2024-11-01 17:18:16,808 - ForkPoolWorker-9 - INFO - Job 235 (AAVVAAAAL) finished with vina_score (norm): 0.523 (0.022)
2024-11-01 17:18:16,886 - ForkPoolWorker-5 - INFO - Job 258 (AIAAALIAA) finished with vina_score (norm): 1.422 (0.059)
2024-11-01 17:18:16,900 - ForkPoolWorker-3 - INFO - Job 326 (ALAAAIAAV) finished with vina_score (norm): -2.022 (-0.084)
2024-11-01 17:18:16,930 - ForkPoolWorker-8 - INFO - Job 189 (AAVAIAAAI) finished with vina_score (norm): 0.559 (0.023)
2024-11-01 17:18:16,994 - ForkPoolWorker-4 - INFO - Job 303 (AIAIAAIAA) finished with vina_score (norm): 0.038 (0.002)
2024-11-01 17:18:17,225 - ForkPoolWorker-6 - INFO - Job 348 (ALAAAVIAA) finished with vina_score (norm): 2.014 (0.084)
2024-11-01 17:18:17,367 - ForkPoolWorker-10 - INFO - Job 281 (AIAALAAAV) finished with vina_score (norm): -4.215 (-0.176)
2024-11-01 17:18:17,565 - ForkPoolWorker-9 - INFO - Job 236 (AAVVAAAAV) finished with vina_score (norm): -1.118 (-0.047)
2024-11-01 17:18:17,574 - ForkPoolWorker-7 - INFO - Job 213 (AAVAVAIAA) finished with vina_score (norm): 2.147 (0.089)
2024-11-01 17:18:17,647 - ForkPoolWorker-5 - INFO - Job 259 (AIAAALLAA) finished with vina_score (norm): 0.851 (0.035)
2024-11-01 17:18:17,664 - ForkPoolWorker-3 - INFO - Job 327 (ALAAAIAIA) finished with vina_score (norm): 0.978 (0.041)
2024-11-01 17:18:17,753 - ForkPoolWorker-8 - INFO - Job 190 (AAVAIAAAL) finished with vina_score (norm): -6.042 (-0.252)
2024-11-01 17:18:17,808 - ForkPoolWorker-4 - INFO - Job 304 (AIAIAALAA) finished with vina_score (norm): 0.5 (0.021)
2024-11-01 17:18:18,046 - ForkPoolWorker-6 - INFO - Job 349 (ALAAAVLAA) finished with vina_score (norm): 2.153 (0.09)
2024-11-01 17:18:18,171 - ForkPoolWorker-10 - INFO - Job 282 (AIAALAAIA) finished with vina_score (norm): 1.268 (0.053)
2024-11-01 17:18:18,315 - ForkPoolWorker-9 - INFO - Job 237 (AAVVAAAIA) finished with vina_score (norm): -4.468 (-0.186)
2024-11-01 17:18:18,334 - ForkPoolWorker-7 - INFO - Job 214 (AAVAVALAA) finished with vina_score (norm): 1.657 (0.069)
2024-11-01 17:18:18,401 - ForkPoolWorker-5 - INFO - Job 260 (AIAAALVAA) finished with vina_score (norm): 1.482 (0.062)
2024-11-01 17:18:18,425 - ForkPoolWorker-3 - INFO - Job 328 (ALAAAIALA) finished with vina_score (norm): 2.035 (0.085)
2024-11-01 17:18:18,512 - ForkPoolWorker-8 - INFO - Job 191 (AAVAIAAAV) finished with vina_score (norm): 0.521 (0.022)
2024-11-01 17:18:18,634 - ForkPoolWorker-4 - INFO - Job 305 (AIAIAAVAA) finished with vina_score (norm): -1.317 (-0.055)
2024-11-01 17:18:18,852 - ForkPoolWorker-6 - INFO - Job 350 (ALAAAVVAA) finished with vina_score (norm): 1.186 (0.049)
2024-11-01 17:18:18,966 - ForkPoolWorker-10 - INFO - Job 283 (AIAALAALA) finished with vina_score (norm): -3.362 (-0.14)
2024-11-01 17:18:19,063 - ForkPoolWorker-9 - INFO - Job 238 (AAVVAAALA) finished with vina_score (norm): 1.202 (0.05)
2024-11-01 17:18:19,092 - ForkPoolWorker-7 - INFO - Job 215 (AAVAVAVAA) finished with vina_score (norm): 1.847 (0.077)
2024-11-01 17:18:19,127 - ForkPoolWorker-5 - INFO - Job 261 (AIAAAVAAI) finished with vina_score (norm): 1.386 (0.058)
2024-11-01 17:18:19,168 - ForkPoolWorker-3 - INFO - Job 329 (ALAAAIAVA) finished with vina_score (norm): 1.149 (0.048)
2024-11-01 17:18:19,276 - ForkPoolWorker-8 - INFO - Job 192 (AAVAIAAIA) finished with vina_score (norm): 1.604 (0.067)
2024-11-01 17:18:19,457 - ForkPoolWorker-4 - INFO - Job 306 (AIALAAAAI) finished with vina_score (norm): 1.635 (0.068)
2024-11-01 17:18:19,670 - ForkPoolWorker-6 - INFO - Job 351 (ALAAIAAAI) finished with vina_score (norm): 0.011 (0.0)
2024-11-01 17:18:19,737 - ForkPoolWorker-10 - INFO - Job 284 (AIAALAAVA) finished with vina_score (norm): 1.322 (0.055)
2024-11-01 17:18:19,842 - ForkPoolWorker-9 - INFO - Job 239 (AAVVAAAVA) finished with vina_score (norm): -0.381 (-0.016)
2024-11-01 17:18:19,868 - ForkPoolWorker-7 - INFO - Job 216 (AAVIAAAAI) finished with vina_score (norm): -3.353 (-0.14)
2024-11-01 17:18:19,881 - ForkPoolWorker-5 - INFO - Job 262 (AIAAAVAAL) finished with vina_score (norm): 1.28 (0.053)
2024-11-01 17:18:19,923 - ForkPoolWorker-3 - INFO - Job 330 (ALAAAIIAA) finished with vina_score (norm): 0.35 (0.015)
2024-11-01 17:18:20,027 - ForkPoolWorker-8 - INFO - Job 193 (AAVAIAALA) finished with vina_score (norm): -1.581 (-0.066)
2024-11-01 17:18:20,283 - ForkPoolWorker-4 - INFO - Job 307 (AIALAAAAL) finished with vina_score (norm): 1.18 (0.049)
2024-11-01 17:18:20,502 - ForkPoolWorker-6 - INFO - Job 352 (ALAAIAAAL) finished with vina_score (norm): 0.445 (0.019)
2024-11-01 17:18:20,541 - ForkPoolWorker-10 - INFO - Job 285 (AIAALAIAA) finished with vina_score (norm): 1.013 (0.042)
2024-11-01 17:18:20,625 - ForkPoolWorker-5 - INFO - Job 263 (AIAAAVAAV) finished with vina_score (norm): 1.393 (0.058)
2024-11-01 17:18:20,631 - ForkPoolWorker-9 - INFO - Job 240 (AAVVAAIAA) finished with vina_score (norm): 0.58 (0.024)
2024-11-01 17:18:20,632 - ForkPoolWorker-7 - INFO - Job 217 (AAVIAAAAL) finished with vina_score (norm): -4.792 (-0.2)
2024-11-01 17:18:20,776 - ForkPoolWorker-3 - INFO - Job 331 (ALAAAILAA) finished with vina_score (norm): -4.376 (-0.182)
2024-11-01 17:18:20,823 - ForkPoolWorker-8 - INFO - Job 194 (AAVAIAAVA) finished with vina_score (norm): -3.131 (-0.13)
2024-11-01 17:18:21,111 - ForkPoolWorker-4 - INFO - Job 308 (AIALAAAAV) finished with vina_score (norm): -1.428 (-0.06)
2024-11-01 17:18:21,308 - ForkPoolWorker-10 - INFO - Job 286 (AIAALALAA) finished with vina_score (norm): 1.187 (0.049)
2024-11-01 17:18:21,351 - ForkPoolWorker-6 - INFO - Job 353 (ALAAIAAAV) finished with vina_score (norm): -1.981 (-0.083)
2024-11-01 17:18:21,379 - ForkPoolWorker-5 - INFO - Job 264 (AIAAAVAIA) finished with vina_score (norm): 0.993 (0.041)
2024-11-01 17:18:21,436 - ForkPoolWorker-9 - INFO - Job 241 (AAVVAALAA) finished with vina_score (norm): -6.567 (-0.274)
2024-11-01 17:18:21,439 - ForkPoolWorker-7 - INFO - Job 218 (AAVIAAAAV) finished with vina_score (norm): -1.766 (-0.074)
2024-11-01 17:18:21,589 - ForkPoolWorker-8 - INFO - Job 195 (AAVAIAIAA) finished with vina_score (norm): -1.842 (-0.077)
2024-11-01 17:18:21,598 - ForkPoolWorker-3 - INFO - Job 332 (ALAAAIVAA) finished with vina_score (norm): -3.682 (-0.153)
2024-11-01 17:18:21,932 - ForkPoolWorker-4 - INFO - Job 309 (AIALAAAIA) finished with vina_score (norm): -3.391 (-0.141)
2024-11-01 17:18:22,125 - ForkPoolWorker-5 - INFO - Job 265 (AIAAAVALA) finished with vina_score (norm): 0.85 (0.035)
2024-11-01 17:18:22,150 - ForkPoolWorker-10 - INFO - Job 287 (AIAALAVAA) finished with vina_score (norm): 1.519 (0.063)
2024-11-01 17:18:22,199 - ForkPoolWorker-6 - INFO - Job 354 (ALAAIAAIA) finished with vina_score (norm): 1.038 (0.043)
2024-11-01 17:18:22,239 - ForkPoolWorker-7 - INFO - Job 219 (AAVIAAAIA) finished with vina_score (norm): -4.568 (-0.19)
2024-11-01 17:18:22,248 - ForkPoolWorker-9 - INFO - Job 242 (AAVVAAVAA) finished with vina_score (norm): 0.69 (0.029)
2024-11-01 17:18:22,412 - ForkPoolWorker-8 - INFO - Job 196 (AAVAIALAA) finished with vina_score (norm): -2.229 (-0.093)
2024-11-01 17:18:22,471 - ForkPoolWorker-3 - INFO - Job 333 (ALAAALAAI) finished with vina_score (norm): 1.833 (0.076)
2024-11-01 17:18:22,786 - ForkPoolWorker-4 - INFO - Job 310 (AIALAAALA) finished with vina_score (norm): 0.132 (0.006)
2024-11-01 17:18:22,872 - ForkPoolWorker-5 - INFO - Job 266 (AIAAAVAVA) finished with vina_score (norm): -2.945 (-0.123)
2024-11-01 17:18:22,989 - ForkPoolWorker-10 - INFO - Job 288 (AIAAVAAAI) finished with vina_score (norm): -1.576 (-0.066)
2024-11-01 17:18:23,038 - ForkPoolWorker-7 - INFO - Job 220 (AAVIAAALA) finished with vina_score (norm): -3.335 (-0.139)
2024-11-01 17:18:23,058 - ForkPoolWorker-9 - INFO - Job 243 (AIAAAIAAI) finished with vina_score (norm): 1.001 (0.042)
2024-11-01 17:18:23,096 - ForkPoolWorker-6 - INFO - Job 355 (ALAAIAALA) finished with vina_score (norm): 1.041 (0.043)
2024-11-01 17:18:23,261 - ForkPoolWorker-8 - INFO - Job 197 (AAVAIAVAA) finished with vina_score (norm): -1.883 (-0.078)
2024-11-01 17:18:23,293 - ForkPoolWorker-3 - INFO - Job 334 (ALAAALAAL) finished with vina_score (norm): 1.914 (0.08)
2024-11-01 17:18:23,610 - ForkPoolWorker-4 - INFO - Job 311 (AIALAAAVA) finished with vina_score (norm): 0.517 (0.022)
2024-11-01 17:18:23,622 - ForkPoolWorker-5 - INFO - Job 267 (AIAAAVIAA) finished with vina_score (norm): 0.811 (0.034)
2024-11-01 17:18:23,798 - ForkPoolWorker-7 - INFO - Job 221 (AAVIAAAVA) finished with vina_score (norm): -2.677 (-0.112)
2024-11-01 17:18:23,813 - ForkPoolWorker-10 - INFO - Job 289 (AIAAVAAAL) finished with vina_score (norm): 0.472 (0.02)
2024-11-01 17:18:23,880 - ForkPoolWorker-9 - INFO - Job 244 (AIAAAIAAL) finished with vina_score (norm): 1.003 (0.042)
2024-11-01 17:18:23,918 - ForkPoolWorker-6 - INFO - Job 356 (ALAAIAAVA) finished with vina_score (norm): 0.791 (0.033)
2024-11-01 17:18:24,094 - ForkPoolWorker-8 - INFO - Job 198 (AAVALAAAI) finished with vina_score (norm): -2.235 (-0.093)
2024-11-01 17:18:24,128 - ForkPoolWorker-3 - INFO - Job 335 (ALAAALAAV) finished with vina_score (norm): 1.554 (0.065)
2024-11-01 17:18:24,385 - ForkPoolWorker-4 - INFO - Job 312 (AIALAAIAA) finished with vina_score (norm): 1.048 (0.044)
2024-11-01 17:18:24,387 - ForkPoolWorker-5 - INFO - Job 268 (AIAAAVLAA) finished with vina_score (norm): 2.022 (0.084)
2024-11-01 17:18:24,584 - ForkPoolWorker-7 - INFO - Job 222 (AAVIAAIAA) finished with vina_score (norm): 0.594 (0.025)
2024-11-01 17:18:24,637 - ForkPoolWorker-10 - INFO - Job 290 (AIAAVAAAV) finished with vina_score (norm): 0.777 (0.032)
2024-11-01 17:18:24,700 - ForkPoolWorker-9 - INFO - Job 245 (AIAAAIAAV) finished with vina_score (norm): 1.027 (0.043)
2024-11-01 17:18:24,748 - ForkPoolWorker-6 - INFO - Job 357 (ALAAIAIAA) finished with vina_score (norm): 0.225 (0.009)
2024-11-01 17:18:24,955 - ForkPoolWorker-8 - INFO - Job 199 (AAVALAAAL) finished with vina_score (norm): 0.242 (0.01)
2024-11-01 17:18:24,991 - ForkPoolWorker-3 - INFO - Job 336 (ALAAALAIA) finished with vina_score (norm): 1.561 (0.065)
2024-11-01 17:18:25,154 - ForkPoolWorker-4 - INFO - Job 313 (AIALAALAA) finished with vina_score (norm): 0.782 (0.033)
2024-11-01 17:18:25,204 - ForkPoolWorker-5 - INFO - Job 269 (AIAAAVVAA) finished with vina_score (norm): -0.418 (-0.017)
2024-11-01 17:18:25,381 - ForkPoolWorker-7 - INFO - Job 223 (AAVIAALAA) finished with vina_score (norm): 0.264 (0.011)
2024-11-01 17:18:25,461 - ForkPoolWorker-10 - INFO - Job 291 (AIAAVAAIA) finished with vina_score (norm): 1.563 (0.065)
2024-11-01 17:18:25,554 - ForkPoolWorker-9 - INFO - Job 246 (AIAAAIAIA) finished with vina_score (norm): 0.821 (0.034)
2024-11-01 17:18:25,586 - ForkPoolWorker-6 - INFO - Job 358 (ALAAIALAA) finished with vina_score (norm): 1.843 (0.077)
2024-11-01 17:18:25,794 - ForkPoolWorker-8 - INFO - Job 200 (AAVALAAAV) finished with vina_score (norm): -1.258 (-0.052)
2024-11-01 17:18:25,805 - ForkPoolWorker-3 - INFO - Job 337 (ALAAALALA) finished with vina_score (norm): 1.56 (0.065)
2024-11-01 17:18:25,955 - ForkPoolWorker-4 - INFO - Job 314 (AIALAAVAA) finished with vina_score (norm): -6.719 (-0.28)
2024-11-01 17:18:26,015 - ForkPoolWorker-5 - INFO - Job 270 (AIAAIAAAI) finished with vina_score (norm): -4.287 (-0.179)
2024-11-01 17:18:26,145 - ForkPoolWorker-7 - INFO - Job 224 (AAVIAAVAA) finished with vina_score (norm): -0.753 (-0.031)
2024-11-01 17:18:26,311 - ForkPoolWorker-10 - INFO - Job 292 (AIAAVAALA) finished with vina_score (norm): 1.402 (0.058)
2024-11-01 17:18:26,377 - ForkPoolWorker-9 - INFO - Job 247 (AIAAAIALA) finished with vina_score (norm): 0.363 (0.015)
2024-11-01 17:18:26,456 - ForkPoolWorker-6 - INFO - Job 359 (ALAAIAVAA) finished with vina_score (norm): 1.727 (0.072)
2024-11-01 17:18:26,589 - ForkPoolWorker-3 - INFO - Job 338 (ALAAALAVA) finished with vina_score (norm): 1.597 (0.067)
2024-11-01 17:18:26,670 - ForkPoolWorker-8 - INFO - Job 201 (AAVALAAIA) finished with vina_score (norm): 2.316 (0.096)
2024-11-01 17:18:26,716 - ForkPoolWorker-4 - INFO - Job 315 (AIAVAAAAI) finished with vina_score (norm): -2.167 (-0.09)
2024-11-01 17:18:26,759 - ForkPoolWorker-5 - INFO - Job 271 (AIAAIAAAL) finished with vina_score (norm): -1.902 (-0.079)
2024-11-01 17:18:26,905 - ForkPoolWorker-7 - INFO - Job 225 (AAVLAAAAI) finished with vina_score (norm): -1.774 (-0.074)
2024-11-01 17:18:27,172 - ForkPoolWorker-10 - INFO - Job 293 (AIAAVAAVA) finished with vina_score (norm): 0.001 (0.0)
2024-11-01 17:18:27,224 - ForkPoolWorker-9 - INFO - Job 248 (AIAAAIAVA) finished with vina_score (norm): 1.129 (0.047)
2024-11-01 17:18:27,278 - ForkPoolWorker-6 - INFO - Job 360 (ALAALAAAI) finished with vina_score (norm): 0.906 (0.038)
2024-11-01 17:18:27,349 - ForkPoolWorker-3 - INFO - Job 339 (ALAAALIAA) finished with vina_score (norm): 1.499 (0.062)
2024-11-01 17:18:27,461 - ForkPoolWorker-4 - INFO - Job 316 (AIAVAAAAL) finished with vina_score (norm): -3.458 (-0.144)
2024-11-01 17:18:27,508 - ForkPoolWorker-5 - INFO - Job 272 (AIAAIAAAV) finished with vina_score (norm): -4.874 (-0.203)
2024-11-01 17:18:27,523 - ForkPoolWorker-8 - INFO - Job 202 (AAVALAALA) finished with vina_score (norm): 2.466 (0.103)
2024-11-01 17:18:27,671 - ForkPoolWorker-7 - INFO - Job 226 (AAVLAAAAL) finished with vina_score (norm): 1.408 (0.059)
2024-11-01 17:18:27,985 - ForkPoolWorker-10 - INFO - Job 294 (AIAAVAIAA) finished with vina_score (norm): 0.8 (0.033)
2024-11-01 17:18:28,052 - ForkPoolWorker-9 - INFO - Job 249 (AIAAAIIAA) finished with vina_score (norm): -1.701 (-0.071)
2024-11-01 17:18:28,096 - ForkPoolWorker-6 - INFO - Job 361 (ALAALAAAL) finished with vina_score (norm): 1.822 (0.076)
2024-11-01 17:18:28,107 - ForkPoolWorker-3 - INFO - Job 340 (ALAAALLAA) finished with vina_score (norm): -2.288 (-0.095)
2024-11-01 17:18:28,218 - ForkPoolWorker-4 - INFO - Job 317 (AIAVAAAAV) finished with vina_score (norm): -4.428 (-0.184)
2024-11-01 17:18:28,239 - ForkPoolWorker-5 - INFO - Job 273 (AIAAIAAIA) finished with vina_score (norm): -0.213 (-0.009)
2024-11-01 17:18:28,361 - ForkPoolWorker-8 - INFO - Job 203 (AAVALAAVA) finished with vina_score (norm): 1.353 (0.056)
2024-11-01 17:18:28,425 - ForkPoolWorker-7 - INFO - Job 227 (AAVLAAAAV) finished with vina_score (norm): 1.082 (0.045)
2024-11-01 17:18:28,795 - ForkPoolWorker-10 - INFO - Job 295 (AIAAVALAA) finished with vina_score (norm): 1.226 (0.051)
2024-11-01 17:18:28,866 - ForkPoolWorker-3 - INFO - Job 341 (ALAAALVAA) finished with vina_score (norm): 1.118 (0.047)
2024-11-01 17:18:28,873 - ForkPoolWorker-9 - INFO - Job 250 (AIAAAILAA) finished with vina_score (norm): -4.887 (-0.204)
2024-11-01 17:18:28,911 - ForkPoolWorker-6 - INFO - Job 362 (ALAALAAAV) finished with vina_score (norm): -1.354 (-0.056)
2024-11-01 17:18:28,977 - ForkPoolWorker-4 - INFO - Job 318 (AIAVAAAIA) finished with vina_score (norm): -6.183 (-0.258)
2024-11-01 17:18:29,044 - ForkPoolWorker-5 - INFO - Job 274 (AIAAIAALA) finished with vina_score (norm): -6.119 (-0.255)
2024-11-01 17:18:29,179 - ForkPoolWorker-7 - INFO - Job 228 (AAVLAAAIA) finished with vina_score (norm): -2.163 (-0.09)
2024-11-01 17:18:29,224 - ForkPoolWorker-8 - INFO - Job 204 (AAVALAIAA) finished with vina_score (norm): 1.64 (0.068)
2024-11-01 17:18:29,617 - ForkPoolWorker-10 - INFO - Job 296 (AIAAVAVAA) finished with vina_score (norm): 0.083 (0.003)
2024-11-01 17:18:29,642 - ForkPoolWorker-3 - INFO - Job 342 (ALAAAVAAI) finished with vina_score (norm): 1.363 (0.057)
2024-11-01 17:18:29,697 - ForkPoolWorker-9 - INFO - Job 251 (AIAAAIVAA) finished with vina_score (norm): -3.976 (-0.166)
2024-11-01 17:18:29,728 - ForkPoolWorker-6 - INFO - Job 363 (ALAALAAIA) finished with vina_score (norm): 1.344 (0.056)
2024-11-01 17:18:29,773 - ForkPoolWorker-4 - INFO - Job 319 (AIAVAAALA) finished with vina_score (norm): -2.977 (-0.124)
2024-11-01 17:18:29,794 - ForkPoolWorker-5 - INFO - Job 275 (AIAAIAAVA) finished with vina_score (norm): -2.416 (-0.101)
2024-11-01 17:18:29,937 - ForkPoolWorker-7 - INFO - Job 229 (AAVLAAALA) finished with vina_score (norm): -1.444 (-0.06)
2024-11-01 17:18:30,082 - ForkPoolWorker-8 - INFO - Job 205 (AAVALALAA) finished with vina_score (norm): 0.092 (0.004)
2024-11-01 17:18:30,438 - ForkPoolWorker-10 - INFO - Job 297 (AIAIAAAAI) finished with vina_score (norm): 0.699 (0.029)
2024-11-01 17:18:30,532 - ForkPoolWorker-3 - INFO - Job 343 (ALAAAVAAL) finished with vina_score (norm): -1.817 (-0.076)
2024-11-01 17:18:30,539 - ForkPoolWorker-9 - INFO - Job 252 (AIAAALAAI) finished with vina_score (norm): -2.003 (-0.083)
2024-11-01 17:18:30,545 - ForkPoolWorker-4 - INFO - Job 320 (AIAVAAAVA) finished with vina_score (norm): -5.737 (-0.239)
2024-11-01 17:18:30,558 - ForkPoolWorker-5 - INFO - Job 368 (ALAALAVAA) finished with vina_score (norm): -3.422 (-0.143)
2024-11-01 17:18:30,563 - ForkPoolWorker-6 - INFO - Job 364 (ALAALAALA) finished with vina_score (norm): 0.022 (0.001)
2024-11-01 17:18:30,698 - ForkPoolWorker-7 - INFO - Job 391 (ALALAAALA) finished with vina_score (norm): 0.762 (0.032)
2024-11-01 17:18:30,946 - ForkPoolWorker-8 - INFO - Job 206 (AAVALAVAA) finished with vina_score (norm): 1.817 (0.076)
2024-11-01 17:18:31,296 - ForkPoolWorker-10 - INFO - Job 298 (AIAIAAAAL) finished with vina_score (norm): -5.536 (-0.231)
2024-11-01 17:18:31,318 - ForkPoolWorker-5 - INFO - Job 369 (ALAAVAAAI) finished with vina_score (norm): -3.385 (-0.141)
2024-11-01 17:18:31,321 - ForkPoolWorker-3 - INFO - Job 344 (ALAAAVAAV) finished with vina_score (norm): -1.936 (-0.081)
2024-11-01 17:18:31,322 - ForkPoolWorker-4 - INFO - Job 321 (AIAVAAIAA) finished with vina_score (norm): -2.203 (-0.092)
2024-11-01 17:18:31,391 - ForkPoolWorker-9 - INFO - Job 414 (AVAAALAAI) finished with vina_score (norm): 1.919 (0.08)
2024-11-01 17:18:31,418 - ForkPoolWorker-6 - INFO - Job 365 (ALAALAAVA) finished with vina_score (norm): -3.453 (-0.144)
2024-11-01 17:18:31,478 - ForkPoolWorker-7 - INFO - Job 392 (ALALAAAVA) finished with vina_score (norm): 1.506 (0.063)
2024-11-01 17:18:31,797 - ForkPoolWorker-8 - INFO - Job 437 (AVAAIAAVA) finished with vina_score (norm): 0.692 (0.029)
2024-11-01 17:18:32,084 - ForkPoolWorker-5 - INFO - Job 370 (ALAAVAAAL) finished with vina_score (norm): -0.64 (-0.027)
2024-11-01 17:18:32,088 - ForkPoolWorker-3 - INFO - Job 483 (AVAVAAIAA) finished with vina_score (norm): 1.481 (0.062)
2024-11-01 17:18:32,138 - ForkPoolWorker-4 - INFO - Job 506 (IAAAAVAAV) finished with vina_score (norm): -3.035 (-0.126)
2024-11-01 17:18:32,147 - ForkPoolWorker-10 - INFO - Job 460 (AVAIAAAAL) finished with vina_score (norm): 1.412 (0.059)
2024-11-01 17:18:32,216 - ForkPoolWorker-9 - INFO - Job 415 (AVAAALAAL) finished with vina_score (norm): 1.966 (0.082)
2024-11-01 17:18:32,240 - ForkPoolWorker-6 - INFO - Job 366 (ALAALAIAA) finished with vina_score (norm): 6.37 (0.265)
2024-11-01 17:18:32,243 - ForkPoolWorker-7 - INFO - Job 393 (ALALAAIAA) finished with vina_score (norm): -6.406 (-0.267)
2024-11-01 17:18:32,640 - ForkPoolWorker-8 - INFO - Job 438 (AVAAIAIAA) finished with vina_score (norm): -0.361 (-0.015)
2024-11-01 17:18:32,823 - ForkPoolWorker-5 - INFO - Job 371 (ALAAVAAAV) finished with vina_score (norm): -4.193 (-0.175)
2024-11-01 17:18:32,830 - ForkPoolWorker-3 - INFO - Job 484 (AVAVAALAA) finished with vina_score (norm): -5.18 (-0.216)
2024-11-01 17:18:32,907 - ForkPoolWorker-4 - INFO - Job 507 (IAAAAVAIA) finished with vina_score (norm): 3.023 (0.126)
2024-11-01 17:18:32,978 - ForkPoolWorker-10 - INFO - Job 461 (AVAIAAAAV) finished with vina_score (norm): 1.05 (0.044)
2024-11-01 17:18:33,005 - ForkPoolWorker-7 - INFO - Job 394 (ALALAALAA) finished with vina_score (norm): -0.321 (-0.013)
2024-11-01 17:18:33,022 - ForkPoolWorker-9 - INFO - Job 416 (AVAAALAAV) finished with vina_score (norm): 0.882 (0.037)
2024-11-01 17:18:33,083 - ForkPoolWorker-6 - INFO - Job 367 (ALAALALAA) finished with vina_score (norm): 1.808 (0.075)
2024-11-01 17:18:33,537 - ForkPoolWorker-8 - INFO - Job 439 (AVAAIALAA) finished with vina_score (norm): 1.047 (0.044)
2024-11-01 17:18:33,592 - ForkPoolWorker-5 - INFO - Job 372 (ALAAVAAIA) finished with vina_score (norm): -3.059 (-0.127)
2024-11-01 17:18:33,624 - ForkPoolWorker-3 - INFO - Job 485 (AVAVAAVAA) finished with vina_score (norm): 2.403 (0.1)
2024-11-01 17:18:33,739 - ForkPoolWorker-4 - INFO - Job 508 (IAAAAVALA) finished with vina_score (norm): -1.278 (-0.053)
2024-11-01 17:18:33,793 - ForkPoolWorker-7 - INFO - Job 395 (ALALAAVAA) finished with vina_score (norm): -1.407 (-0.059)
2024-11-01 17:18:33,824 - ForkPoolWorker-10 - INFO - Job 462 (AVAIAAAIA) finished with vina_score (norm): -5.353 (-0.223)
2024-11-01 17:18:33,928 - ForkPoolWorker-6 - INFO - Job 529 (IAAALALAA) finished with vina_score (norm): -1.626 (-0.068)
2024-11-01 17:18:33,953 - ForkPoolWorker-9 - INFO - Job 417 (AVAAALAIA) finished with vina_score (norm): 1.048 (0.044)
2024-11-01 17:18:34,355 - ForkPoolWorker-5 - INFO - Job 373 (ALAAVAALA) finished with vina_score (norm): -4.423 (-0.184)
2024-11-01 17:18:34,375 - ForkPoolWorker-3 - INFO - Job 486 (IAAAAIAAI) finished with vina_score (norm): 1.062 (0.044)
2024-11-01 17:18:34,404 - ForkPoolWorker-8 - INFO - Job 440 (AVAAIAVAA) finished with vina_score (norm): 0.833 (0.035)
2024-11-01 17:18:34,493 - ForkPoolWorker-4 - INFO - Job 509 (IAAAAVAVA) finished with vina_score (norm): -3.286 (-0.137)
2024-11-01 17:18:34,555 - ForkPoolWorker-7 - INFO - Job 396 (ALAVAAAAI) finished with vina_score (norm): -2.231 (-0.093)
2024-11-01 17:18:34,666 - ForkPoolWorker-10 - INFO - Job 463 (AVAIAAALA) finished with vina_score (norm): 0.353 (0.015)
2024-11-01 17:18:34,769 - ForkPoolWorker-6 - INFO - Job 530 (IAAALAVAA) finished with vina_score (norm): -2.662 (-0.111)
2024-11-01 17:18:34,783 - ForkPoolWorker-9 - INFO - Job 418 (AVAAALALA) finished with vina_score (norm): 1.092 (0.045)
2024-11-01 17:18:35,223 - ForkPoolWorker-3 - INFO - Job 487 (IAAAAIAAL) finished with vina_score (norm): 0.101 (0.004)
2024-11-01 17:18:35,226 - ForkPoolWorker-5 - INFO - Job 374 (ALAAVAAVA) finished with vina_score (norm): -4.688 (-0.195)
2024-11-01 17:18:35,325 - ForkPoolWorker-8 - INFO - Job 441 (AVAALAAAI) finished with vina_score (norm): -3.959 (-0.165)
2024-11-01 17:18:35,390 - ForkPoolWorker-4 - INFO - Job 510 (IAAAAVIAA) finished with vina_score (norm): -3.522 (-0.147)
2024-11-01 17:18:35,502 - ForkPoolWorker-7 - INFO - Job 397 (ALAVAAAAL) finished with vina_score (norm): 1.567 (0.065)
2024-11-01 17:18:35,779 - ForkPoolWorker-9 - INFO - Job 419 (AVAAALAVA) finished with vina_score (norm): 0.566 (0.024)
2024-11-01 17:18:35,830 - ForkPoolWorker-6 - INFO - Job 531 (IAAAVAAAI) finished with vina_score (norm): 0.381 (0.016)
2024-11-01 17:18:35,849 - ForkPoolWorker-10 - INFO - Job 464 (AVAIAAAVA) finished with vina_score (norm): -0.191 (-0.008)
2024-11-01 17:18:36,152 - ForkPoolWorker-5 - INFO - Job 375 (ALAAVAIAA) finished with vina_score (norm): 0.938 (0.039)
2024-11-01 17:18:36,190 - ForkPoolWorker-3 - INFO - Job 488 (IAAAAIAAV) finished with vina_score (norm): 0.94 (0.039)
2024-11-01 17:18:36,345 - ForkPoolWorker-7 - INFO - Job 398 (ALAVAAAAV) finished with vina_score (norm): 0.301 (0.013)
2024-11-01 17:18:36,393 - ForkPoolWorker-4 - INFO - Job 511 (IAAAAVLAA) finished with vina_score (norm): 1.316 (0.055)
2024-11-01 17:18:36,396 - ForkPoolWorker-8 - INFO - Job 442 (AVAALAAAL) finished with vina_score (norm): 1.203 (0.05)
2024-11-01 17:18:36,513 - ForkPoolWorker-9 - INFO - Job 420 (AVAAALIAA) finished with vina_score (norm): 1.53 (0.064)
2024-11-01 17:18:36,666 - ForkPoolWorker-6 - INFO - Job 532 (IAAAVAAAL) finished with vina_score (norm): -2.481 (-0.103)
2024-11-01 17:18:36,677 - ForkPoolWorker-10 - INFO - Job 465 (AVAIAAIAA) finished with vina_score (norm): -2.114 (-0.088)
2024-11-01 17:18:37,035 - ForkPoolWorker-5 - INFO - Job 376 (ALAAVALAA) finished with vina_score (norm): -1.985 (-0.083)
2024-11-01 17:18:37,072 - ForkPoolWorker-3 - INFO - Job 489 (IAAAAIAIA) finished with vina_score (norm): 0.61 (0.025)
2024-11-01 17:18:37,126 - ForkPoolWorker-7 - INFO - Job 399 (ALAVAAAIA) finished with vina_score (norm): 1.033 (0.043)
2024-11-01 17:18:37,237 - ForkPoolWorker-8 - INFO - Job 443 (AVAALAAAV) finished with vina_score (norm): -2.645 (-0.11)
2024-11-01 17:18:37,239 - ForkPoolWorker-4 - INFO - Job 512 (IAAAAVVAA) finished with vina_score (norm): 0.331 (0.014)
2024-11-01 17:18:37,258 - ForkPoolWorker-9 - INFO - Job 421 (AVAAALLAA) finished with vina_score (norm): 2.495 (0.104)
2024-11-01 17:18:37,404 - ForkPoolWorker-6 - INFO - Job 533 (IAAAVAAAV) finished with vina_score (norm): -1.36 (-0.057)
2024-11-01 17:18:37,498 - ForkPoolWorker-10 - INFO - Job 466 (AVAIAALAA) finished with vina_score (norm): 0.447 (0.019)
2024-11-01 17:18:37,893 - ForkPoolWorker-3 - INFO - Job 490 (IAAAAIALA) finished with vina_score (norm): -3.296 (-0.137)
2024-11-01 17:18:37,908 - ForkPoolWorker-5 - INFO - Job 377 (ALAAVAVAA) finished with vina_score (norm): 0.076 (0.003)
2024-11-01 17:18:37,959 - ForkPoolWorker-7 - INFO - Job 400 (ALAVAAALA) finished with vina_score (norm): 1.4 (0.058)
2024-11-01 17:18:38,005 - ForkPoolWorker-9 - INFO - Job 422 (AVAAALVAA) finished with vina_score (norm): 6.504 (0.271)
2024-11-01 17:18:38,069 - ForkPoolWorker-4 - INFO - Job 513 (IAAAIAAAI) finished with vina_score (norm): 0.709 (0.03)
2024-11-01 17:18:38,081 - ForkPoolWorker-8 - INFO - Job 444 (AVAALAAIA) finished with vina_score (norm): -3.191 (-0.133)
2024-11-01 17:18:38,152 - ForkPoolWorker-6 - INFO - Job 534 (IAAAVAAIA) finished with vina_score (norm): -4.665 (-0.194)
2024-11-01 17:18:38,328 - ForkPoolWorker-10 - INFO - Job 467 (AVAIAAVAA) finished with vina_score (norm): -3.546 (-0.148)
2024-11-01 17:18:38,749 - ForkPoolWorker-9 - INFO - Job 423 (AVAAAVAAI) finished with vina_score (norm): -4.229 (-0.176)
2024-11-01 17:18:38,749 - ForkPoolWorker-5 - INFO - Job 378 (ALAIAAAAI) finished with vina_score (norm): 0.888 (0.037)
2024-11-01 17:18:38,751 - ForkPoolWorker-7 - INFO - Job 401 (ALAVAAAVA) finished with vina_score (norm): 1.027 (0.043)
2024-11-01 17:18:38,766 - ForkPoolWorker-3 - INFO - Job 491 (IAAAAIAVA) finished with vina_score (norm): 0.296 (0.012)
2024-11-01 17:18:38,897 - ForkPoolWorker-4 - INFO - Job 514 (IAAAIAAAL) finished with vina_score (norm): 1.062 (0.044)
2024-11-01 17:18:38,916 - ForkPoolWorker-6 - INFO - Job 535 (IAAAVAALA) finished with vina_score (norm): -3.591 (-0.15)
2024-11-01 17:18:38,929 - ForkPoolWorker-8 - INFO - Job 445 (AVAALAALA) finished with vina_score (norm): 0.194 (0.008)
2024-11-01 17:18:39,174 - ForkPoolWorker-10 - INFO - Job 468 (AVALAAAAI) finished with vina_score (norm): 0.744 (0.031)
2024-11-01 17:18:39,522 - ForkPoolWorker-9 - INFO - Job 424 (AVAAAVAAL) finished with vina_score (norm): 1.652 (0.069)
2024-11-01 17:18:39,549 - ForkPoolWorker-7 - INFO - Job 402 (ALAVAAIAA) finished with vina_score (norm): 1.642 (0.068)
2024-11-01 17:18:39,590 - ForkPoolWorker-5 - INFO - Job 379 (ALAIAAAAL) finished with vina_score (norm): 0.983 (0.041)
2024-11-01 17:18:39,604 - ForkPoolWorker-3 - INFO - Job 492 (IAAAAIIAA) finished with vina_score (norm): -4.018 (-0.167)
2024-11-01 17:18:39,671 - ForkPoolWorker-6 - INFO - Job 536 (IAAAVAAVA) finished with vina_score (norm): -2.7 (-0.112)
2024-11-01 17:18:39,758 - ForkPoolWorker-4 - INFO - Job 515 (IAAAIAAAV) finished with vina_score (norm): -4.772 (-0.199)
2024-11-01 17:18:39,793 - ForkPoolWorker-8 - INFO - Job 446 (AVAALAAVA) finished with vina_score (norm): -0.327 (-0.014)
2024-11-01 17:18:40,003 - ForkPoolWorker-10 - INFO - Job 469 (AVALAAAAL) finished with vina_score (norm): 0.856 (0.036)
2024-11-01 17:18:40,271 - ForkPoolWorker-9 - INFO - Job 425 (AVAAAVAAV) finished with vina_score (norm): 0.809 (0.034)
2024-11-01 17:18:40,305 - ForkPoolWorker-7 - INFO - Job 403 (ALAVAALAA) finished with vina_score (norm): 0.848 (0.035)
2024-11-01 17:18:40,409 - ForkPoolWorker-5 - INFO - Job 380 (ALAIAAAAV) finished with vina_score (norm): 0.779 (0.032)
2024-11-01 17:18:40,422 - ForkPoolWorker-3 - INFO - Job 493 (IAAAAILAA) finished with vina_score (norm): 1.828 (0.076)
2024-11-01 17:18:40,434 - ForkPoolWorker-6 - INFO - Job 537 (IAAAVAIAA) finished with vina_score (norm): 1.738 (0.072)
2024-11-01 17:18:40,591 - ForkPoolWorker-4 - INFO - Job 516 (IAAAIAAIA) finished with vina_score (norm): 1.462 (0.061)
2024-11-01 17:18:40,640 - ForkPoolWorker-8 - INFO - Job 447 (AVAALAIAA) finished with vina_score (norm): 1.715 (0.071)
2024-11-01 17:18:40,829 - ForkPoolWorker-10 - INFO - Job 470 (AVALAAAAV) finished with vina_score (norm): 0.698 (0.029)
2024-11-01 17:18:41,009 - ForkPoolWorker-9 - INFO - Job 426 (AVAAAVAIA) finished with vina_score (norm): -4.252 (-0.177)
2024-11-01 17:18:41,103 - ForkPoolWorker-7 - INFO - Job 404 (ALAVAAVAA) finished with vina_score (norm): -0.011 (-0.0)
2024-11-01 17:18:41,210 - ForkPoolWorker-6 - INFO - Job 538 (IAAAVALAA) finished with vina_score (norm): 1.997 (0.083)
2024-11-01 17:18:41,228 - ForkPoolWorker-5 - INFO - Job 381 (ALAIAAAIA) finished with vina_score (norm): 1.228 (0.051)
2024-11-01 17:18:41,285 - ForkPoolWorker-3 - INFO - Job 494 (IAAAAIVAA) finished with vina_score (norm): 0.895 (0.037)
2024-11-01 17:18:41,411 - ForkPoolWorker-4 - INFO - Job 517 (IAAAIAALA) finished with vina_score (norm): -4.1 (-0.171)
2024-11-01 17:18:41,496 - ForkPoolWorker-8 - INFO - Job 448 (AVAALALAA) finished with vina_score (norm): -1.296 (-0.054)
2024-11-01 17:18:41,654 - ForkPoolWorker-10 - INFO - Job 471 (AVALAAAIA) finished with vina_score (norm): 1.024 (0.043)
2024-11-01 17:18:41,751 - ForkPoolWorker-9 - INFO - Job 427 (AVAAAVALA) finished with vina_score (norm): -0.467 (-0.019)
2024-11-01 17:18:41,878 - ForkPoolWorker-7 - INFO - Job 405 (AVAAAIAAI) finished with vina_score (norm): 1.271 (0.053)
2024-11-01 17:18:41,958 - ForkPoolWorker-6 - INFO - Job 539 (IAAAVAVAA) finished with vina_score (norm): 1.341 (0.056)
2024-11-01 17:18:42,050 - ForkPoolWorker-5 - INFO - Job 382 (ALAIAAALA) finished with vina_score (norm): 1.6 (0.067)
2024-11-01 17:18:42,069 - ForkPoolWorker-3 - INFO - Job 495 (IAAAALAAI) finished with vina_score (norm): -3.267 (-0.136)
2024-11-01 17:18:42,287 - ForkPoolWorker-4 - INFO - Job 518 (IAAAIAAVA) finished with vina_score (norm): -4.157 (-0.173)
2024-11-01 17:18:42,359 - ForkPoolWorker-8 - INFO - Job 449 (AVAALAVAA) finished with vina_score (norm): 1.247 (0.052)
2024-11-01 17:18:42,469 - ForkPoolWorker-10 - INFO - Job 472 (AVALAAALA) finished with vina_score (norm): 0.866 (0.036)
2024-11-01 17:18:42,500 - ForkPoolWorker-9 - INFO - Job 428 (AVAAAVAVA) finished with vina_score (norm): -5.477 (-0.228)
2024-11-01 17:18:42,635 - ForkPoolWorker-7 - INFO - Job 406 (AVAAAIAAL) finished with vina_score (norm): 1.987 (0.083)
2024-11-01 17:18:42,759 - ForkPoolWorker-6 - INFO - Job 540 (IAAIAAAAI) finished with vina_score (norm): 0.741 (0.031)
2024-11-01 17:18:42,879 - ForkPoolWorker-5 - INFO - Job 383 (ALAIAAAVA) finished with vina_score (norm): 1.711 (0.071)
2024-11-01 17:18:42,883 - ForkPoolWorker-3 - INFO - Job 496 (IAAAALAAL) finished with vina_score (norm): 0.843 (0.035)
2024-11-01 17:18:43,135 - ForkPoolWorker-4 - INFO - Job 519 (IAAAIAIAA) finished with vina_score (norm): 1.028 (0.043)
2024-11-01 17:18:43,147 - ForkPoolWorker-8 - INFO - Job 450 (AVAAVAAAI) finished with vina_score (norm): -4.494 (-0.187)
2024-11-01 17:18:43,257 - ForkPoolWorker-9 - INFO - Job 429 (AVAAAVIAA) finished with vina_score (norm): -2.039 (-0.085)
2024-11-01 17:18:43,299 - ForkPoolWorker-10 - INFO - Job 473 (AVALAAAVA) finished with vina_score (norm): 1.645 (0.069)
2024-11-01 17:18:43,444 - ForkPoolWorker-7 - INFO - Job 407 (AVAAAIAAV) finished with vina_score (norm): 1.267 (0.053)
2024-11-01 17:18:43,662 - ForkPoolWorker-6 - INFO - Job 541 (IAAIAAAAL) finished with vina_score (norm): 0.157 (0.007)
2024-11-01 17:18:43,778 - ForkPoolWorker-5 - INFO - Job 384 (ALAIAAIAA) finished with vina_score (norm): -2.576 (-0.107)
2024-11-01 17:18:43,808 - ForkPoolWorker-3 - INFO - Job 497 (IAAAALAAV) finished with vina_score (norm): -1.873 (-0.078)
2024-11-01 17:18:43,989 - ForkPoolWorker-8 - INFO - Job 451 (AVAAVAAAL) finished with vina_score (norm): 1.084 (0.045)
2024-11-01 17:18:44,045 - ForkPoolWorker-4 - INFO - Job 520 (IAAAIALAA) finished with vina_score (norm): 0.826 (0.034)
2024-11-01 17:18:44,116 - ForkPoolWorker-9 - INFO - Job 430 (AVAAAVLAA) finished with vina_score (norm): -4.201 (-0.175)
2024-11-01 17:18:44,162 - ForkPoolWorker-10 - INFO - Job 474 (AVALAAIAA) finished with vina_score (norm): -4.299 (-0.179)
2024-11-01 17:18:44,385 - ForkPoolWorker-7 - INFO - Job 408 (AVAAAIAIA) finished with vina_score (norm): 3.71 (0.155)
2024-11-01 17:18:44,496 - ForkPoolWorker-6 - INFO - Job 542 (IAAIAAAAV) finished with vina_score (norm): 0.296 (0.012)
2024-11-01 17:18:44,608 - ForkPoolWorker-5 - INFO - Job 385 (ALAIAALAA) finished with vina_score (norm): -4.631 (-0.193)
2024-11-01 17:18:44,727 - ForkPoolWorker-3 - INFO - Job 498 (IAAAALAIA) finished with vina_score (norm): -1.848 (-0.077)
2024-11-01 17:18:44,753 - ForkPoolWorker-8 - INFO - Job 452 (AVAAVAAAV) finished with vina_score (norm): 0.548 (0.023)
2024-11-01 17:18:44,873 - ForkPoolWorker-9 - INFO - Job 431 (AVAAAVVAA) finished with vina_score (norm): 0.71 (0.03)
2024-11-01 17:18:44,889 - ForkPoolWorker-4 - INFO - Job 521 (IAAAIAVAA) finished with vina_score (norm): 0.936 (0.039)
2024-11-01 17:18:44,986 - ForkPoolWorker-10 - INFO - Job 475 (AVALAALAA) finished with vina_score (norm): 0.896 (0.037)
2024-11-01 17:18:45,196 - ForkPoolWorker-7 - INFO - Job 409 (AVAAAIALA) finished with vina_score (norm): 1.772 (0.074)
2024-11-01 17:18:45,358 - ForkPoolWorker-6 - INFO - Job 543 (IAAIAAAIA) finished with vina_score (norm): 0.116 (0.005)
2024-11-01 17:18:45,483 - ForkPoolWorker-5 - INFO - Job 386 (ALAIAAVAA) finished with vina_score (norm): 1.311 (0.055)
2024-11-01 17:18:45,544 - ForkPoolWorker-3 - INFO - Job 499 (IAAAALALA) finished with vina_score (norm): 0.56 (0.023)
2024-11-01 17:18:45,616 - ForkPoolWorker-8 - INFO - Job 453 (AVAAVAAIA) finished with vina_score (norm): 1.229 (0.051)
2024-11-01 17:18:45,629 - ForkPoolWorker-9 - INFO - Job 432 (AVAAIAAAI) finished with vina_score (norm): -4.846 (-0.202)
2024-11-01 17:18:45,705 - ForkPoolWorker-4 - INFO - Job 522 (IAAALAAAI) finished with vina_score (norm): -0.615 (-0.026)
2024-11-01 17:18:45,852 - ForkPoolWorker-10 - INFO - Job 476 (AVALAAVAA) finished with vina_score (norm): -0.54 (-0.023)
2024-11-01 17:18:45,966 - ForkPoolWorker-7 - INFO - Job 410 (AVAAAIAVA) finished with vina_score (norm): -0.464 (-0.019)
2024-11-01 17:18:46,208 - ForkPoolWorker-6 - INFO - Job 544 (IAAIAAALA) finished with vina_score (norm): 0.323 (0.013)
2024-11-01 17:18:46,315 - ForkPoolWorker-5 - INFO - Job 387 (ALALAAAAI) finished with vina_score (norm): 0.854 (0.036)
2024-11-01 17:18:46,380 - ForkPoolWorker-9 - INFO - Job 433 (AVAAIAAAL) finished with vina_score (norm): -4.559 (-0.19)
2024-11-01 17:18:46,381 - ForkPoolWorker-3 - INFO - Job 500 (IAAAALAVA) finished with vina_score (norm): 1.313 (0.055)
2024-11-01 17:18:46,443 - ForkPoolWorker-8 - INFO - Job 454 (AVAAVAALA) finished with vina_score (norm): 0.626 (0.026)
2024-11-01 17:18:46,540 - ForkPoolWorker-4 - INFO - Job 523 (IAAALAAAL) finished with vina_score (norm): -3.531 (-0.147)
2024-11-01 17:18:46,670 - ForkPoolWorker-10 - INFO - Job 477 (AVAVAAAAI) finished with vina_score (norm): 0.483 (0.02)
2024-11-01 17:18:46,839 - ForkPoolWorker-7 - INFO - Job 411 (AVAAAIIAA) finished with vina_score (norm): 1.143 (0.048)
2024-11-01 17:18:47,026 - ForkPoolWorker-6 - INFO - Job 545 (IAAIAAAVA) finished with vina_score (norm): 0.209 (0.009)
2024-11-01 17:18:47,132 - ForkPoolWorker-5 - INFO - Job 388 (ALALAAAAL) finished with vina_score (norm): -0.527 (-0.022)
2024-11-01 17:18:47,144 - ForkPoolWorker-9 - INFO - Job 434 (AVAAIAAAV) finished with vina_score (norm): -4.59 (-0.191)
2024-11-01 17:18:47,215 - ForkPoolWorker-3 - INFO - Job 501 (IAAAALIAA) finished with vina_score (norm): 1.273 (0.053)
2024-11-01 17:18:47,219 - ForkPoolWorker-8 - INFO - Job 455 (AVAAVAAVA) finished with vina_score (norm): 1.566 (0.065)
2024-11-01 17:18:47,428 - ForkPoolWorker-4 - INFO - Job 524 (IAAALAAAV) finished with vina_score (norm): -1.542 (-0.064)
2024-11-01 17:18:47,518 - ForkPoolWorker-10 - INFO - Job 478 (AVAVAAAAL) finished with vina_score (norm): 0.489 (0.02)
2024-11-01 17:18:47,748 - ForkPoolWorker-7 - INFO - Job 412 (AVAAAILAA) finished with vina_score (norm): -1.566 (-0.065)
2024-11-01 17:18:48,066 - ForkPoolWorker-9 - INFO - Job 435 (AVAAIAAIA) finished with vina_score (norm): 0.859 (0.036)
2024-11-01 17:18:48,232 - ForkPoolWorker-6 - INFO - Job 546 (IAAIAAIAA) finished with vina_score (norm): 0.584 (0.024)
2024-11-01 17:18:48,276 - ForkPoolWorker-3 - INFO - Job 502 (IAAAALLAA) finished with vina_score (norm): 1.51 (0.063)
2024-11-01 17:18:48,343 - ForkPoolWorker-8 - INFO - Job 456 (AVAAVAIAA) finished with vina_score (norm): -0.652 (-0.027)
2024-11-01 17:18:48,355 - ForkPoolWorker-5 - INFO - Job 389 (ALALAAAAV) finished with vina_score (norm): 0.722 (0.03)
2024-11-01 17:18:48,427 - ForkPoolWorker-4 - INFO - Job 525 (IAAALAAIA) finished with vina_score (norm): -3.538 (-0.147)
2024-11-01 17:18:48,517 - ForkPoolWorker-10 - INFO - Job 479 (AVAVAAAAV) finished with vina_score (norm): 0.814 (0.034)
2024-11-01 17:18:48,713 - ForkPoolWorker-7 - INFO - Job 413 (AVAAAIVAA) finished with vina_score (norm): 1.741 (0.073)
2024-11-01 17:18:48,866 - ForkPoolWorker-9 - INFO - Job 436 (AVAAIAALA) finished with vina_score (norm): -4.575 (-0.191)
2024-11-01 17:18:49,148 - ForkPoolWorker-6 - INFO - Job 547 (IAAIAALAA) finished with vina_score (norm): 1.032 (0.043)
2024-11-01 17:18:49,167 - ForkPoolWorker-3 - INFO - Job 503 (IAAAALVAA) finished with vina_score (norm): 1.443 (0.06)
2024-11-01 17:18:49,171 - ForkPoolWorker-5 - INFO - Job 390 (ALALAAAIA) finished with vina_score (norm): -3.981 (-0.166)
2024-11-01 17:18:49,201 - ForkPoolWorker-8 - INFO - Job 457 (AVAAVALAA) finished with vina_score (norm): -6.551 (-0.273)
2024-11-01 17:18:49,250 - ForkPoolWorker-4 - INFO - Job 526 (IAAALAALA) finished with vina_score (norm): -3.656 (-0.152)
2024-11-01 17:18:49,322 - ForkPoolWorker-10 - INFO - Job 480 (AVAVAAAIA) finished with vina_score (norm): -5.399 (-0.225)
2024-11-01 17:18:49,469 - ForkPoolWorker-7 - INFO - Job 552 (IAALAAAIA) finished with vina_score (norm): 0.832 (0.035)
2024-11-01 17:18:49,640 - ForkPoolWorker-9 - INFO - Job 575 (LAAAAIVAA) finished with vina_score (norm): -2.852 (-0.119)
2024-11-01 17:18:49,973 - ForkPoolWorker-6 - INFO - Job 548 (IAAIAAVAA) finished with vina_score (norm): 0.798 (0.033)
2024-11-01 17:18:49,996 - ForkPoolWorker-3 - INFO - Job 504 (IAAAAVAAI) finished with vina_score (norm): 0.788 (0.033)
2024-11-01 17:18:49,998 - ForkPoolWorker-5 - INFO - Job 598 (LAAAIAALA) finished with vina_score (norm): 0.706 (0.029)
2024-11-01 17:18:50,054 - ForkPoolWorker-8 - INFO - Job 458 (AVAAVAVAA) finished with vina_score (norm): 0.565 (0.024)
2024-11-01 17:18:50,110 - ForkPoolWorker-4 - INFO - Job 527 (IAAALAAVA) finished with vina_score (norm): -1.052 (-0.044)
2024-11-01 17:18:50,165 - ForkPoolWorker-10 - INFO - Job 481 (AVAVAAALA) finished with vina_score (norm): 0.467 (0.019)
2024-11-01 17:18:50,240 - ForkPoolWorker-7 - INFO - Job 553 (IAALAAALA) finished with vina_score (norm): -4.236 (-0.176)
2024-11-01 17:18:50,416 - ForkPoolWorker-9 - INFO - Job 576 (LAAAALAAI) finished with vina_score (norm): 1.473 (0.061)
2024-11-01 17:18:50,813 - ForkPoolWorker-6 - INFO - Job 549 (IAALAAAAI) finished with vina_score (norm): -3.748 (-0.156)
2024-11-01 17:18:50,833 - ForkPoolWorker-3 - INFO - Job 505 (IAAAAVAAL) finished with vina_score (norm): -3.866 (-0.161)
2024-11-01 17:18:50,871 - ForkPoolWorker-5 - INFO - Job 599 (LAAAIAAVA) finished with vina_score (norm): 0.784 (0.033)
2024-11-01 17:18:50,935 - ForkPoolWorker-8 - INFO - Job 459 (AVAIAAAAI) finished with vina_score (norm): 1.164 (0.049)
2024-11-01 17:18:50,992 - ForkPoolWorker-7 - INFO - Job 554 (IAALAAAVA) finished with vina_score (norm): 0.819 (0.034)
2024-11-01 17:18:51,034 - ForkPoolWorker-10 - INFO - Job 482 (AVAVAAAVA) finished with vina_score (norm): 0.498 (0.021)
2024-11-01 17:18:51,078 - ForkPoolWorker-4 - INFO - Job 528 (IAAALAIAA) finished with vina_score (norm): 1.641 (0.068)
2024-11-01 17:18:51,164 - ForkPoolWorker-9 - INFO - Job 577 (LAAAALAAL) finished with vina_score (norm): 0.942 (0.039)
2024-11-01 17:18:51,643 - ForkPoolWorker-3 - INFO - Job 621 (LAAIAAAAI) finished with vina_score (norm): 0.893 (0.037)
2024-11-01 17:18:51,658 - ForkPoolWorker-6 - INFO - Job 550 (IAALAAAAL) finished with vina_score (norm): 3.106 (0.129)
2024-11-01 17:18:51,731 - ForkPoolWorker-5 - INFO - Job 600 (LAAAIAIAA) finished with vina_score (norm): 0.345 (0.014)
2024-11-01 17:18:51,767 - ForkPoolWorker-7 - INFO - Job 555 (IAALAAIAA) finished with vina_score (norm): -5.115 (-0.213)
2024-11-01 17:18:51,852 - ForkPoolWorker-10 - INFO - Job 667 (VAAAAVAAL) finished with vina_score (norm): 0.862 (0.036)
2024-11-01 17:18:51,856 - ForkPoolWorker-8 - INFO - Job 644 (LAAVAAAVA) finished with vina_score (norm): -0.792 (-0.033)
2024-11-01 17:18:51,903 - ForkPoolWorker-9 - INFO - Job 578 (LAAAALAAV) finished with vina_score (norm): -1.149 (-0.048)
2024-11-01 17:18:51,904 - ForkPoolWorker-4 - INFO - Job 690 (VAAALAIAA) finished with vina_score (norm): 2.183 (0.091)
2024-11-01 17:18:52,428 - ForkPoolWorker-3 - INFO - Job 622 (LAAIAAAAL) finished with vina_score (norm): 0.873 (0.036)
2024-11-01 17:18:52,487 - ForkPoolWorker-6 - INFO - Job 551 (IAALAAAAV) finished with vina_score (norm): -5.07 (-0.211)
2024-11-01 17:18:52,518 - ForkPoolWorker-7 - INFO - Job 556 (IAALAALAA) finished with vina_score (norm): -2.618 (-0.109)
2024-11-01 17:18:52,557 - ForkPoolWorker-5 - INFO - Job 601 (LAAAIALAA) finished with vina_score (norm): 1.356 (0.057)
2024-11-01 17:18:52,650 - ForkPoolWorker-4 - INFO - Job 691 (VAAALALAA) finished with vina_score (norm): -0.836 (-0.035)
2024-11-01 17:18:52,678 - ForkPoolWorker-10 - INFO - Job 668 (VAAAAVAAV) finished with vina_score (norm): 1.318 (0.055)
2024-11-01 17:18:52,681 - ForkPoolWorker-9 - INFO - Job 579 (LAAAALAIA) finished with vina_score (norm): -3.243 (-0.135)
2024-11-01 17:18:52,721 - ForkPoolWorker-8 - INFO - Job 645 (LAAVAAIAA) finished with vina_score (norm): -5.247 (-0.219)
2024-11-01 17:18:53,217 - ForkPoolWorker-3 - INFO - Job 623 (LAAIAAAAV) finished with vina_score (norm): 0.35 (0.015)
2024-11-01 17:18:53,299 - ForkPoolWorker-7 - INFO - Job 557 (IAALAAVAA) finished with vina_score (norm): -2.855 (-0.119)
2024-11-01 17:18:53,311 - ForkPoolWorker-6 - INFO - Job 713 (VAALAAAAV) finished with vina_score (norm): 0.893 (0.037)
2024-11-01 17:18:53,377 - ForkPoolWorker-5 - INFO - Job 602 (LAAAIAVAA) finished with vina_score (norm): 0.831 (0.035)
2024-11-01 17:18:53,424 - ForkPoolWorker-4 - INFO - Job 692 (VAAALAVAA) finished with vina_score (norm): 1.727 (0.072)
2024-11-01 17:18:53,470 - ForkPoolWorker-9 - INFO - Job 580 (LAAAALALA) finished with vina_score (norm): 1.332 (0.056)
2024-11-01 17:18:53,509 - ForkPoolWorker-10 - INFO - Job 669 (VAAAAVAIA) finished with vina_score (norm): -3.387 (-0.141)
2024-11-01 17:18:53,594 - ForkPoolWorker-8 - INFO - Job 646 (LAAVAALAA) finished with vina_score (norm): -5.494 (-0.229)
2024-11-01 17:18:54,011 - ForkPoolWorker-3 - INFO - Job 624 (LAAIAAAIA) finished with vina_score (norm): -1.52 (-0.063)
2024-11-01 17:18:54,061 - ForkPoolWorker-7 - INFO - Job 558 (IAAVAAAAI) finished with vina_score (norm): 0.753 (0.031)
2024-11-01 17:18:54,132 - ForkPoolWorker-6 - INFO - Job 714 (VAALAAAIA) finished with vina_score (norm): 1.206 (0.05)
2024-11-01 17:18:54,197 - ForkPoolWorker-5 - INFO - Job 603 (LAAALAAAI) finished with vina_score (norm): 0.261 (0.011)
2024-11-01 17:18:54,200 - ForkPoolWorker-4 - INFO - Job 693 (VAAAVAAAI) finished with vina_score (norm): -1.611 (-0.067)
2024-11-01 17:18:54,269 - ForkPoolWorker-9 - INFO - Job 581 (LAAAALAVA) finished with vina_score (norm): -3.997 (-0.167)
2024-11-01 17:18:54,333 - ForkPoolWorker-10 - INFO - Job 670 (VAAAAVALA) finished with vina_score (norm): -0.99 (-0.041)
2024-11-01 17:18:54,491 - ForkPoolWorker-8 - INFO - Job 647 (LAAVAAVAA) finished with vina_score (norm): -5.393 (-0.225)
2024-11-01 17:18:54,830 - ForkPoolWorker-3 - INFO - Job 625 (LAAIAAALA) finished with vina_score (norm): 1.813 (0.076)
2024-11-01 17:18:54,846 - ForkPoolWorker-7 - INFO - Job 559 (IAAVAAAAL) finished with vina_score (norm): 0.212 (0.009)
2024-11-01 17:18:54,972 - ForkPoolWorker-4 - INFO - Job 694 (VAAAVAAAL) finished with vina_score (norm): -1.056 (-0.044)
2024-11-01 17:18:54,985 - ForkPoolWorker-6 - INFO - Job 715 (VAALAAALA) finished with vina_score (norm): 1.836 (0.077)
2024-11-01 17:18:55,031 - ForkPoolWorker-5 - INFO - Job 604 (LAAALAAAL) finished with vina_score (norm): 1.398 (0.058)
2024-11-01 17:18:55,070 - ForkPoolWorker-9 - INFO - Job 582 (LAAAALIAA) finished with vina_score (norm): -2.968 (-0.124)
2024-11-01 17:18:55,157 - ForkPoolWorker-10 - INFO - Job 671 (VAAAAVAVA) finished with vina_score (norm): 1.129 (0.047)
2024-11-01 17:18:55,354 - ForkPoolWorker-8 - INFO - Job 648 (VAAAAIAAI) finished with vina_score (norm): 0.456 (0.019)
2024-11-01 17:18:55,629 - ForkPoolWorker-3 - INFO - Job 626 (LAAIAAAVA) finished with vina_score (norm): 0.021 (0.001)
2024-11-01 17:18:55,657 - ForkPoolWorker-7 - INFO - Job 560 (IAAVAAAAV) finished with vina_score (norm): -3.791 (-0.158)
2024-11-01 17:18:55,833 - ForkPoolWorker-4 - INFO - Job 695 (VAAAVAAAV) finished with vina_score (norm): 1.391 (0.058)
2024-11-01 17:18:55,849 - ForkPoolWorker-9 - INFO - Job 583 (LAAAALLAA) finished with vina_score (norm): -5.332 (-0.222)
2024-11-01 17:18:55,880 - ForkPoolWorker-5 - INFO - Job 605 (LAAALAAAV) finished with vina_score (norm): 0.641 (0.027)
2024-11-01 17:18:55,917 - ForkPoolWorker-6 - INFO - Job 716 (VAALAAAVA) finished with vina_score (norm): 1.081 (0.045)
2024-11-01 17:18:56,083 - ForkPoolWorker-10 - INFO - Job 672 (VAAAAVIAA) finished with vina_score (norm): 0.551 (0.023)
2024-11-01 17:18:56,266 - ForkPoolWorker-8 - INFO - Job 649 (VAAAAIAAL) finished with vina_score (norm): 1.697 (0.071)
2024-11-01 17:18:56,505 - ForkPoolWorker-7 - INFO - Job 561 (IAAVAAAIA) finished with vina_score (norm): 0.331 (0.014)
2024-11-01 17:18:56,549 - ForkPoolWorker-3 - INFO - Job 627 (LAAIAAIAA) finished with vina_score (norm): -2.246 (-0.094)
2024-11-01 17:18:56,720 - ForkPoolWorker-5 - INFO - Job 606 (LAAALAAIA) finished with vina_score (norm): 0.912 (0.038)
2024-11-01 17:18:56,744 - ForkPoolWorker-9 - INFO - Job 584 (LAAAALVAA) finished with vina_score (norm): -4.731 (-0.197)
2024-11-01 17:18:56,787 - ForkPoolWorker-6 - INFO - Job 717 (VAALAAIAA) finished with vina_score (norm): -0.274 (-0.011)
2024-11-01 17:18:56,822 - ForkPoolWorker-4 - INFO - Job 696 (VAAAVAAIA) finished with vina_score (norm): 1.802 (0.075)
2024-11-01 17:18:57,015 - ForkPoolWorker-10 - INFO - Job 673 (VAAAAVLAA) finished with vina_score (norm): 0.926 (0.039)
2024-11-01 17:18:57,101 - ForkPoolWorker-8 - INFO - Job 650 (VAAAAIAAV) finished with vina_score (norm): 1.527 (0.064)
2024-11-01 17:18:57,257 - ForkPoolWorker-7 - INFO - Job 562 (IAAVAAALA) finished with vina_score (norm): 1.253 (0.052)
2024-11-01 17:18:57,500 - ForkPoolWorker-3 - INFO - Job 628 (LAAIAALAA) finished with vina_score (norm): -4.091 (-0.17)
2024-11-01 17:18:57,560 - ForkPoolWorker-9 - INFO - Job 585 (LAAAAVAAI) finished with vina_score (norm): 0.479 (0.02)
2024-11-01 17:18:57,607 - ForkPoolWorker-5 - INFO - Job 607 (LAAALAALA) finished with vina_score (norm): 0.639 (0.027)
2024-11-01 17:18:57,642 - ForkPoolWorker-6 - INFO - Job 718 (VAALAALAA) finished with vina_score (norm): -3.217 (-0.134)
2024-11-01 17:18:57,679 - ForkPoolWorker-4 - INFO - Job 697 (VAAAVAALA) finished with vina_score (norm): -2.836 (-0.118)
2024-11-01 17:18:57,880 - ForkPoolWorker-10 - INFO - Job 674 (VAAAAVVAA) finished with vina_score (norm): -2.652 (-0.11)
2024-11-01 17:18:57,934 - ForkPoolWorker-8 - INFO - Job 651 (VAAAAIAIA) finished with vina_score (norm): -2.661 (-0.111)
2024-11-01 17:18:58,052 - ForkPoolWorker-7 - INFO - Job 563 (IAAVAAAVA) finished with vina_score (norm): 0.09 (0.004)
2024-11-01 17:18:58,343 - ForkPoolWorker-3 - INFO - Job 629 (LAAIAAVAA) finished with vina_score (norm): -2.199 (-0.092)
2024-11-01 17:18:58,425 - ForkPoolWorker-5 - INFO - Job 608 (LAAALAAVA) finished with vina_score (norm): 0.651 (0.027)
2024-11-01 17:18:58,434 - ForkPoolWorker-9 - INFO - Job 586 (LAAAAVAAL) finished with vina_score (norm): 1.257 (0.052)
2024-11-01 17:18:58,479 - ForkPoolWorker-6 - INFO - Job 719 (VAALAAVAA) finished with vina_score (norm): -0.708 (-0.03)
2024-11-01 17:18:58,581 - ForkPoolWorker-4 - INFO - Job 698 (VAAAVAAVA) finished with vina_score (norm): -1.822 (-0.076)
2024-11-01 17:18:58,739 - ForkPoolWorker-10 - INFO - Job 675 (VAAAIAAAI) finished with vina_score (norm): -1.072 (-0.045)
2024-11-01 17:18:58,776 - ForkPoolWorker-8 - INFO - Job 652 (VAAAAIALA) finished with vina_score (norm): 0.432 (0.018)
2024-11-01 17:18:58,813 - ForkPoolWorker-7 - INFO - Job 564 (IAAVAAIAA) finished with vina_score (norm): -1.841 (-0.077)
2024-11-01 17:18:59,186 - ForkPoolWorker-3 - INFO - Job 630 (LAALAAAAI) finished with vina_score (norm): 0.6 (0.025)
2024-11-01 17:18:59,242 - ForkPoolWorker-5 - INFO - Job 609 (LAAALAIAA) finished with vina_score (norm): 1.015 (0.042)
2024-11-01 17:18:59,293 - ForkPoolWorker-9 - INFO - Job 587 (LAAAAVAAV) finished with vina_score (norm): 1.144 (0.048)
2024-11-01 17:18:59,296 - ForkPoolWorker-6 - INFO - Job 720 (VAAVAAAAI) finished with vina_score (norm): 0.852 (0.035)
2024-11-01 17:18:59,347 - ForkPoolWorker-4 - INFO - Job 699 (VAAAVAIAA) finished with vina_score (norm): -5.526 (-0.23)
2024-11-01 17:18:59,542 - ForkPoolWorker-10 - INFO - Job 676 (VAAAIAAAL) finished with vina_score (norm): -3.149 (-0.131)
2024-11-01 17:18:59,588 - ForkPoolWorker-7 - INFO - Job 565 (IAAVAALAA) finished with vina_score (norm): 0.343 (0.014)
2024-11-01 17:18:59,623 - ForkPoolWorker-8 - INFO - Job 653 (VAAAAIAVA) finished with vina_score (norm): 0.597 (0.025)
2024-11-01 17:18:59,997 - ForkPoolWorker-3 - INFO - Job 631 (LAALAAAAL) finished with vina_score (norm): 1.577 (0.066)
2024-11-01 17:19:00,080 - ForkPoolWorker-5 - INFO - Job 610 (LAAALALAA) finished with vina_score (norm): 0.905 (0.038)
2024-11-01 17:19:00,125 - ForkPoolWorker-9 - INFO - Job 588 (LAAAAVAIA) finished with vina_score (norm): 0.901 (0.038)
2024-11-01 17:19:00,130 - ForkPoolWorker-4 - INFO - Job 700 (VAAAVALAA) finished with vina_score (norm): -1.564 (-0.065)
2024-11-01 17:19:00,144 - ForkPoolWorker-6 - INFO - Job 721 (VAAVAAAAL) finished with vina_score (norm): 0.775 (0.032)
2024-11-01 17:19:00,301 - ForkPoolWorker-10 - INFO - Job 677 (VAAAIAAAV) finished with vina_score (norm): 4.654 (0.194)
2024-11-01 17:19:00,365 - ForkPoolWorker-7 - INFO - Job 566 (IAAVAAVAA) finished with vina_score (norm): 1.255 (0.052)
2024-11-01 17:19:00,468 - ForkPoolWorker-8 - INFO - Job 654 (VAAAAIIAA) finished with vina_score (norm): 1.085 (0.045)
2024-11-01 17:19:00,824 - ForkPoolWorker-3 - INFO - Job 632 (LAALAAAAV) finished with vina_score (norm): 0.8 (0.033)
2024-11-01 17:19:00,914 - ForkPoolWorker-4 - INFO - Job 701 (VAAAVAVAA) finished with vina_score (norm): -4.347 (-0.181)
2024-11-01 17:19:00,918 - ForkPoolWorker-5 - INFO - Job 611 (LAAALAVAA) finished with vina_score (norm): 1.56 (0.065)
2024-11-01 17:19:00,935 - ForkPoolWorker-9 - INFO - Job 589 (LAAAAVALA) finished with vina_score (norm): 0.937 (0.039)
2024-11-01 17:19:00,975 - ForkPoolWorker-6 - INFO - Job 722 (VAAVAAAAV) finished with vina_score (norm): 0.581 (0.024)
2024-11-01 17:19:01,137 - ForkPoolWorker-7 - INFO - Job 567 (LAAAAIAAI) finished with vina_score (norm): 1.573 (0.066)
2024-11-01 17:19:01,138 - ForkPoolWorker-10 - INFO - Job 678 (VAAAIAAIA) finished with vina_score (norm): -1.717 (-0.072)
2024-11-01 17:19:01,376 - ForkPoolWorker-8 - INFO - Job 655 (VAAAAILAA) finished with vina_score (norm): 1.412 (0.059)
2024-11-01 17:19:01,641 - ForkPoolWorker-3 - INFO - Job 633 (LAALAAAIA) finished with vina_score (norm): 1.67 (0.07)
2024-11-01 17:19:01,709 - ForkPoolWorker-4 - INFO - Job 702 (VAAIAAAAI) finished with vina_score (norm): 1.346 (0.056)
2024-11-01 17:19:01,743 - ForkPoolWorker-5 - INFO - Job 612 (LAAAVAAAI) finished with vina_score (norm): -5.073 (-0.211)
2024-11-01 17:19:01,757 - ForkPoolWorker-9 - INFO - Job 590 (LAAAAVAVA) finished with vina_score (norm): 0.979 (0.041)
2024-11-01 17:19:01,804 - ForkPoolWorker-6 - INFO - Job 723 (VAAVAAAIA) finished with vina_score (norm): -4.869 (-0.203)
2024-11-01 17:19:01,893 - ForkPoolWorker-10 - INFO - Job 679 (VAAAIAALA) finished with vina_score (norm): -3.505 (-0.146)
2024-11-01 17:19:01,917 - ForkPoolWorker-7 - INFO - Job 568 (LAAAAIAAL) finished with vina_score (norm): 0.57 (0.024)
2024-11-01 17:19:02,229 - ForkPoolWorker-8 - INFO - Job 656 (VAAAAIVAA) finished with vina_score (norm): -2.998 (-0.125)
2024-11-01 17:19:02,483 - ForkPoolWorker-3 - INFO - Job 634 (LAALAAALA) finished with vina_score (norm): 1.467 (0.061)
2024-11-01 17:19:02,495 - ForkPoolWorker-4 - INFO - Job 703 (VAAIAAAAL) finished with vina_score (norm): 0.719 (0.03)
2024-11-01 17:19:02,589 - ForkPoolWorker-9 - INFO - Job 591 (LAAAAVIAA) finished with vina_score (norm): 1.191 (0.05)
2024-11-01 17:19:02,614 - ForkPoolWorker-5 - INFO - Job 613 (LAAAVAAAL) finished with vina_score (norm): -5.234 (-0.218)
2024-11-01 17:19:02,648 - ForkPoolWorker-6 - INFO - Job 724 (VAAVAAALA) finished with vina_score (norm): -2.198 (-0.092)
2024-11-01 17:19:02,651 - ForkPoolWorker-10 - INFO - Job 680 (VAAAIAAVA) finished with vina_score (norm): -3.282 (-0.137)
2024-11-01 17:19:02,720 - ForkPoolWorker-7 - INFO - Job 569 (LAAAAIAAV) finished with vina_score (norm): 1.955 (0.081)
2024-11-01 17:19:03,083 - ForkPoolWorker-8 - INFO - Job 657 (VAAAALAAI) finished with vina_score (norm): 1.723 (0.072)
2024-11-01 17:19:03,260 - ForkPoolWorker-4 - INFO - Job 704 (VAAIAAAAV) finished with vina_score (norm): 2.845 (0.119)
2024-11-01 17:19:03,321 - ForkPoolWorker-3 - INFO - Job 635 (LAALAAAVA) finished with vina_score (norm): 1.002 (0.042)
2024-11-01 17:19:03,406 - ForkPoolWorker-10 - INFO - Job 681 (VAAAIAIAA) finished with vina_score (norm): -5.476 (-0.228)
2024-11-01 17:19:03,444 - ForkPoolWorker-5 - INFO - Job 614 (LAAAVAAAV) finished with vina_score (norm): -4.257 (-0.177)
2024-11-01 17:19:03,452 - ForkPoolWorker-9 - INFO - Job 592 (LAAAAVLAA) finished with vina_score (norm): 3.952 (0.165)
2024-11-01 17:19:03,480 - ForkPoolWorker-6 - INFO - Job 725 (VAAVAAAVA) finished with vina_score (norm): -4.89 (-0.204)
2024-11-01 17:19:03,506 - ForkPoolWorker-7 - INFO - Job 570 (LAAAAIAIA) finished with vina_score (norm): 2.137 (0.089)
2024-11-01 17:19:03,921 - ForkPoolWorker-8 - INFO - Job 658 (VAAAALAAL) finished with vina_score (norm): 0.443 (0.018)
2024-11-01 17:19:04,006 - ForkPoolWorker-4 - INFO - Job 705 (VAAIAAAIA) finished with vina_score (norm): 0.114 (0.005)
2024-11-01 17:19:04,167 - ForkPoolWorker-10 - INFO - Job 682 (VAAAIALAA) finished with vina_score (norm): -2.7 (-0.112)
2024-11-01 17:19:04,188 - ForkPoolWorker-3 - INFO - Job 636 (LAALAAIAA) finished with vina_score (norm): 0.691 (0.029)
2024-11-01 17:19:04,270 - ForkPoolWorker-9 - INFO - Job 593 (LAAAAVVAA) finished with vina_score (norm): 0.994 (0.041)
2024-11-01 17:19:04,275 - ForkPoolWorker-7 - INFO - Job 571 (LAAAAIALA) finished with vina_score (norm): -3.955 (-0.165)
2024-11-01 17:19:04,312 - ForkPoolWorker-6 - INFO - Job 726 (VAAVAAIAA) finished with vina_score (norm): -4.46 (-0.186)
2024-11-01 17:19:04,315 - ForkPoolWorker-5 - INFO - Job 615 (LAAAVAAIA) finished with vina_score (norm): -5.239 (-0.218)
2024-11-01 17:19:04,758 - ForkPoolWorker-4 - INFO - Job 706 (VAAIAAALA) finished with vina_score (norm): 0.524 (0.022)
2024-11-01 17:19:04,768 - ForkPoolWorker-8 - INFO - Job 659 (VAAAALAAV) finished with vina_score (norm): 1.839 (0.077)
2024-11-01 17:19:04,938 - ForkPoolWorker-10 - INFO - Job 683 (VAAAIAVAA) finished with vina_score (norm): 0.72 (0.03)
2024-11-01 17:19:05,043 - ForkPoolWorker-7 - INFO - Job 572 (LAAAAIAVA) finished with vina_score (norm): -3.904 (-0.163)
2024-11-01 17:19:05,049 - ForkPoolWorker-3 - INFO - Job 637 (LAALAALAA) finished with vina_score (norm): 1.09 (0.045)
2024-11-01 17:19:05,092 - ForkPoolWorker-9 - INFO - Job 594 (LAAAIAAAI) finished with vina_score (norm): -0.673 (-0.028)
2024-11-01 17:19:05,125 - ForkPoolWorker-5 - INFO - Job 616 (LAAAVAALA) finished with vina_score (norm): -4.686 (-0.195)
2024-11-01 17:19:05,186 - ForkPoolWorker-6 - INFO - Job 727 (VAAVAALAA) finished with vina_score (norm): 0.36 (0.015)
2024-11-01 17:19:05,502 - ForkPoolWorker-4 - INFO - Job 707 (VAAIAAAVA) finished with vina_score (norm): -2.253 (-0.094)
2024-11-01 17:19:05,617 - ForkPoolWorker-8 - INFO - Job 660 (VAAAALAIA) finished with vina_score (norm): -4.62 (-0.192)
2024-11-01 17:19:05,695 - ForkPoolWorker-10 - INFO - Job 684 (VAAALAAAI) finished with vina_score (norm): 1.81 (0.075)
2024-11-01 17:19:05,821 - ForkPoolWorker-7 - INFO - Job 573 (LAAAAIIAA) finished with vina_score (norm): 0.29 (0.012)
2024-11-01 17:19:05,866 - ForkPoolWorker-3 - INFO - Job 638 (LAALAAVAA) finished with vina_score (norm): 1.179 (0.049)
2024-11-01 17:19:05,914 - ForkPoolWorker-9 - INFO - Job 595 (LAAAIAAAL) finished with vina_score (norm): 0.689 (0.029)
2024-11-01 17:19:05,971 - ForkPoolWorker-5 - INFO - Job 617 (LAAAVAAVA) finished with vina_score (norm): -7.15 (-0.298)
2024-11-01 17:19:06,006 - ForkPoolWorker-6 - INFO - Job 728 (VAAVAAVAA) finished with vina_score (norm): 0.378 (0.016)
2024-11-01 17:19:06,251 - ForkPoolWorker-4 - INFO - Job 708 (VAAIAAIAA) finished with vina_score (norm): -4.752 (-0.198)
2024-11-01 17:19:06,453 - ForkPoolWorker-10 - INFO - Job 685 (VAAALAAAL) finished with vina_score (norm): 3.92 (0.163)
2024-11-01 17:19:06,454 - ForkPoolWorker-8 - INFO - Job 661 (VAAAALALA) finished with vina_score (norm): -5.1 (-0.212)
2024-11-01 17:19:06,568 - ForkPoolWorker-7 - INFO - Job 574 (LAAAAILAA) finished with vina_score (norm): 1.118 (0.047)
2024-11-01 17:19:06,678 - ForkPoolWorker-3 - INFO - Job 639 (LAAVAAAAI) finished with vina_score (norm): -0.123 (-0.005)
2024-11-01 17:19:06,724 - ForkPoolWorker-9 - INFO - Job 596 (LAAAIAAAV) finished with vina_score (norm): -4.333 (-0.181)
2024-11-01 17:19:06,809 - ForkPoolWorker-5 - INFO - Job 618 (LAAAVAIAA) finished with vina_score (norm): -4.768 (-0.199)
2024-11-01 17:19:07,011 - ForkPoolWorker-4 - INFO - Job 709 (VAAIAALAA) finished with vina_score (norm): 1.793 (0.075)
2024-11-01 17:19:07,199 - ForkPoolWorker-10 - INFO - Job 686 (VAAALAAAV) finished with vina_score (norm): 1.565 (0.065)
2024-11-01 17:19:07,305 - ForkPoolWorker-8 - INFO - Job 662 (VAAAALAVA) finished with vina_score (norm): -4.331 (-0.18)
2024-11-01 17:19:07,494 - ForkPoolWorker-3 - INFO - Job 640 (LAAVAAAAL) finished with vina_score (norm): -0.444 (-0.018)
2024-11-01 17:19:07,536 - ForkPoolWorker-9 - INFO - Job 597 (LAAAIAAIA) finished with vina_score (norm): 0.164 (0.007)
2024-11-01 17:19:07,623 - ForkPoolWorker-5 - INFO - Job 619 (LAAAVALAA) finished with vina_score (norm): -5.76 (-0.24)
2024-11-01 17:19:07,789 - ForkPoolWorker-4 - INFO - Job 710 (VAAIAAVAA) finished with vina_score (norm): -1.238 (-0.052)
2024-11-01 17:19:07,953 - ForkPoolWorker-10 - INFO - Job 687 (VAAALAAIA) finished with vina_score (norm): 2.546 (0.106)
2024-11-01 17:19:08,160 - ForkPoolWorker-8 - INFO - Job 663 (VAAAALIAA) finished with vina_score (norm): 1.432 (0.06)
2024-11-01 17:19:08,303 - ForkPoolWorker-3 - INFO - Job 641 (LAAVAAAAV) finished with vina_score (norm): -3.07 (-0.128)
2024-11-01 17:19:08,440 - ForkPoolWorker-5 - INFO - Job 620 (LAAAVAVAA) finished with vina_score (norm): -4.502 (-0.188)
2024-11-01 17:19:08,514 - ForkPoolWorker-4 - INFO - Job 711 (VAALAAAAI) finished with vina_score (norm): 0.968 (0.04)
2024-11-01 17:19:08,709 - ForkPoolWorker-10 - INFO - Job 688 (VAAALAALA) finished with vina_score (norm): 0.755 (0.031)
2024-11-01 17:19:08,996 - ForkPoolWorker-8 - INFO - Job 664 (VAAAALLAA) finished with vina_score (norm): 1.613 (0.067)
2024-11-01 17:19:09,107 - ForkPoolWorker-3 - INFO - Job 642 (LAAVAAAIA) finished with vina_score (norm): -0.637 (-0.027)
2024-11-01 17:19:09,317 - ForkPoolWorker-4 - INFO - Job 712 (VAALAAAAL) finished with vina_score (norm): 0.892 (0.037)
2024-11-01 17:19:09,518 - ForkPoolWorker-10 - INFO - Job 689 (VAAALAAVA) finished with vina_score (norm): 0.336 (0.014)
2024-11-01 17:19:09,834 - ForkPoolWorker-8 - INFO - Job 665 (VAAAALVAA) finished with vina_score (norm): -3.479 (-0.145)
2024-11-01 17:19:09,913 - ForkPoolWorker-3 - INFO - Job 643 (LAAVAAALA) finished with vina_score (norm): -4.686 (-0.195)
2024-11-01 17:19:10,661 - ForkPoolWorker-8 - INFO - Job 666 (VAAAAVAAI) finished with vina_score (norm): 0.879 (0.037)
